Component: ARM Compiler 5.06 update 5 (build 528) Tool: armlink [4d35e2]

==============================================================================

Section Cross References

    startup_stm32f407xx.o(STACK) refers (Special) to heapauxi.o(.text) for __use_two_region_memory
    startup_stm32f407xx.o(HEAP) refers (Special) to heapauxi.o(.text) for __use_two_region_memory
    startup_stm32f407xx.o(RESET) refers (Special) to heapauxi.o(.text) for __use_two_region_memory
    startup_stm32f407xx.o(RESET) refers to startup_stm32f407xx.o(STACK) for __initial_sp
    startup_stm32f407xx.o(RESET) refers to startup_stm32f407xx.o(.text) for Reset_Handler
    startup_stm32f407xx.o(RESET) refers to stm32f4xx_it.o(i.NMI_Handler) for NMI_Handler
    startup_stm32f407xx.o(RESET) refers to stm32f4xx_it.o(i.HardFault_Handler) for HardFault_Handler
    startup_stm32f407xx.o(RESET) refers to stm32f4xx_it.o(i.MemManage_Handler) for MemManage_Handler
    startup_stm32f407xx.o(RESET) refers to stm32f4xx_it.o(i.BusFault_Handler) for BusFault_Handler
    startup_stm32f407xx.o(RESET) refers to stm32f4xx_it.o(i.UsageFault_Handler) for UsageFault_Handler
    startup_stm32f407xx.o(RESET) refers to stm32f4xx_it.o(i.SVC_Handler) for SVC_Handler
    startup_stm32f407xx.o(RESET) refers to stm32f4xx_it.o(i.DebugMon_Handler) for DebugMon_Handler
    startup_stm32f407xx.o(RESET) refers to stm32f4xx_it.o(i.PendSV_Handler) for PendSV_Handler
    startup_stm32f407xx.o(RESET) refers to stm32f4xx_it.o(i.SysTick_Handler) for SysTick_Handler
    startup_stm32f407xx.o(RESET) refers to usmart_port.o(i.TIM4_IRQHandler) for TIM4_IRQHandler
    startup_stm32f407xx.o(RESET) refers to usart.o(i.USART1_IRQHandler) for USART1_IRQHandler
    startup_stm32f407xx.o(RESET) refers to btim.o(i.TIM6_DAC_IRQHandler) for TIM6_DAC_IRQHandler
    startup_stm32f407xx.o(RESET) refers to dcmi.o(i.DMA2_Stream1_IRQHandler) for DMA2_Stream1_IRQHandler
    startup_stm32f407xx.o(RESET) refers to dcmi.o(i.DCMI_IRQHandler) for DCMI_IRQHandler
    startup_stm32f407xx.o(.text) refers (Special) to heapauxi.o(.text) for __use_two_region_memory
    startup_stm32f407xx.o(.text) refers to system_stm32f4xx.o(i.SystemInit) for SystemInit
    startup_stm32f407xx.o(.text) refers to __main.o(!!!main) for __main
    startup_stm32f407xx.o(.text) refers to startup_stm32f407xx.o(HEAP) for Heap_Mem
    startup_stm32f407xx.o(.text) refers to startup_stm32f407xx.o(STACK) for Stack_Mem
    main.o(i.dma_rx_callback) refers to main.o(.data) for g_buf_idx
    main.o(i.main) refers to _printf_percent.o(.ARM.Collect$$_printf_percent$$00000000) for _printf_percent
    main.o(i.main) refers to _printf_d.o(.ARM.Collect$$_printf_percent$$00000009) for _printf_d
    main.o(i.main) refers to _printf_dec.o(.text) for _printf_int_dec
    main.o(i.main) refers to stm32f4xx_hal.o(i.HAL_Init) for HAL_Init
    main.o(i.main) refers to sys.o(i.sys_stm32_clock_init) for sys_stm32_clock_init
    main.o(i.main) refers to usart.o(i.usart_init) for usart_init
    main.o(i.main) refers to delay.o(i.delay_init) for delay_init
    main.o(i.main) refers to led.o(i.led_init) for led_init
    main.o(i.main) refers to lcd.o(i.lcd_init) for lcd_init
    main.o(i.main) refers to key.o(i.key_init) for key_init
    main.o(i.main) refers to sram.o(i.sram_init) for sram_init
    main.o(i.main) refers to lcd.o(i.lcd_show_string) for lcd_show_string
    main.o(i.main) refers to app_x-cube-ai.o(i.ai_init) for ai_init
    main.o(i.main) refers to delay.o(i.delay_ms) for delay_ms
    main.o(i.main) refers to stm32f4xx_hal_gpio.o(i.HAL_GPIO_TogglePin) for HAL_GPIO_TogglePin
    main.o(i.main) refers to ov2640.o(i.ov2640_init) for ov2640_init
    main.o(i.main) refers to ov2640.o(i.ov2640_flash_intctrl) for ov2640_flash_intctrl
    main.o(i.main) refers to ov2640.o(i.ov2640_rgb565_mode) for ov2640_rgb565_mode
    main.o(i.main) refers to ov2640.o(i.ov2640_outsize_set) for ov2640_outsize_set
    main.o(i.main) refers to dcmi.o(i.dcmi_init) for dcmi_init
    main.o(i.main) refers to dcmi.o(i.dcmi_dma_init) for dcmi_dma_init
    main.o(i.main) refers to stm32f4xx_hal.o(i.HAL_GetTick) for HAL_GetTick
    main.o(i.main) refers to key.o(i.key_scan) for key_scan
    main.o(i.main) refers to lcd.o(i.lcd_set_cursor) for lcd_set_cursor
    main.o(i.main) refers to lcd.o(i.lcd_write_ram_prepare) for lcd_write_ram_prepare
    main.o(i.main) refers to app_x-cube-ai.o(i.prepare_frame) for prepare_frame
    main.o(i.main) refers to app_x-cube-ai.o(i.ai_run) for ai_run
    main.o(i.main) refers to app_x-cube-ai.o(i.post_process) for post_process
    main.o(i.main) refers to app_x-cube-ai.o(i.draw_face_boxes) for draw_face_boxes
    main.o(i.main) refers to app_x-cube-ai.o(i.get_detected_face_count) for get_detected_face_count
    main.o(i.main) refers to noretval__2sprintf.o(.text) for __2sprintf
    main.o(i.main) refers to lcd.o(i.lcd_clear) for lcd_clear
    main.o(i.main) refers to lcd.o(.bss) for lcddev
[...]
    __ARM_fpclassifyf                        0x08003a9d   Thumb Code    38  fpclassifyf.o(i.__ARM_fpclassifyf)
    __hardfp_expf                            0x08003afd   Thumb Code   426  expf.o(i.__hardfp_expf)
    __mathlib_expf                           0x08003afd   Thumb Code     0  expf.o(i.__hardfp_expf)
    __mathlib_flt_infnan                     0x08003ce5   Thumb Code     6  funder.o(i.__mathlib_flt_infnan)
    __mathlib_flt_overflow                   0x08003ced   Thumb Code    10  funder.o(i.__mathlib_flt_overflow)
    __mathlib_flt_underflow                  0x08003cfd   Thumb Code    10  funder.o(i.__mathlib_flt_underflow)
    _is_digit                                0x08003e21   Thumb Code    14  __printf_wp.o(i._is_digit)
    _sys_exit                                0x08004257   Thumb Code     4  usart.o(i._sys_exit)
    ai_array_get_byte_size                   0x0800425b   Thumb Code    40  ai_datatypes_format.o(i.ai_array_get_byte_size)
    ai_array_get_data_byte_size              0x08004283   Thumb Code    30  ai_datatypes_format.o(i.ai_array_get_data_byte_size)
    ai_array_to_buffer_fmt                   0x080042a1   Thumb Code   248  ai_datatypes_format.o(i.ai_array_to_buffer_fmt)
    ai_buffer_array_item_set_address         0x08004479   Thumb Code    36  ai_platform.o(i.ai_buffer_array_item_set_address)
    ai_buffer_array_sane                     0x0800449d   Thumb Code    18  ai_platform.o(i.ai_buffer_array_sane)
    ai_buffer_get_size                       0x080044b1   Thumb Code    96  ai_platform.o(i.ai_buffer_get_size)
    ai_check_custom_types                    0x08004519   Thumb Code    38  layers.o(i.ai_check_custom_types)
    ai_init                                  0x08004545   Thumb Code    10  app_x-cube-ai.o(i.ai_init)
    ai_layers_forward_all                    0x08004555   Thumb Code    80  layers.o(i.ai_layers_forward_all)
    ai_layers_init_all                       0x080045a5   Thumb Code    30  layers.o(i.ai_layers_init_all)
    ai_layers_post_init_all                  0x080045c3   Thumb Code    54  layers.o(i.ai_layers_post_init_all)
    ai_math_elementwise_sum_int8             0x080045fd   Thumb Code   388  ai_math_elementwise_sum_int8.o(i.ai_math_elementwise_sum_int8)
    ai_network_create                        0x08004781   Thumb Code    30  network.o(i.ai_network_create)
    ai_network_create_and_init               0x080047a5   Thumb Code   134  network.o(i.ai_network_create_and_init)
    ai_network_data_params_get               0x0800482d   Thumb Code    42  network_data.o(i.ai_network_data_params_get)
    ai_network_get_error                     0x0800485d   Thumb Code    14  network.o(i.ai_network_get_error)
    ai_network_init                          0x0800486b   Thumb Code    60  network.o(i.ai_network_init)
    ai_network_inputs_get                    0x080048a9   Thumb Code    24  network.o(i.ai_network_inputs_get)
    ai_network_outputs_get                   0x080048c9   Thumb Code    24  network.o(i.ai_network_outputs_get)
    ai_network_run                           0x080048e9   Thumb Code    20  network.o(i.ai_network_run)
    ai_padding_opt_init                      0x080048fd   Thumb Code   174  st_padding_opt.o(i.ai_padding_opt_init)
    ai_padding_opt_phase1                    0x080049ab   Thumb Code    52  st_padding_opt.o(i.ai_padding_opt_phase1)
    ai_platform_bind_network_params          0x08004a05   Thumb Code    38  ai_platform_interface.o(i.ai_platform_bind_network_params)
    ai_platform_context_acquire              0x08004a31   Thumb Code    14  ai_platform_interface.o(i.ai_platform_context_acquire)
    ai_platform_get_activations_map          0x08004a45   Thumb Code    38  ai_platform_interface.o(i.ai_platform_get_activations_map)
    ai_platform_get_weights_map              0x08004a71   Thumb Code    36  ai_platform_interface.o(i.ai_platform_get_weights_map)
    ai_platform_inputs_get                   0x08004a99   Thumb Code    66  ai_platform_interface.o(i.ai_platform_inputs_get)
    ai_platform_network_create               0x08004add   Thumb Code   146  ai_platform_interface.o(i.ai_platform_network_create)
    ai_platform_network_get_error            0x08004b79   Thumb Code    24  ai_platform_interface.o(i.ai_platform_network_get_error)
    ai_platform_network_init                 0x08004b95   Thumb Code   262  ai_platform_interface.o(i.ai_platform_network_init)
    ai_platform_network_post_init            0x08004cad   Thumb Code    76  ai_platform_interface.o(i.ai_platform_network_post_init)
    ai_platform_network_process              0x08004cfd   Thumb Code    84  ai_platform_interface.o(i.ai_platform_network_process)
    ai_platform_network_set_error            0x08004d51   Thumb Code    12  ai_platform_interface.o(i.ai_platform_network_set_error)
    ai_platform_outputs_get                  0x08004d5d   Thumb Code    72  ai_platform_interface.o(i.ai_platform_outputs_get)
    ai_run                                   0x08004da5   Thumb Code    50  app_x-cube-ai.o(i.ai_run)
    ai_sum_buffer_INT8                       0x08004e7f   Thumb Code   652  ai_math_helpers.o(i.ai_sum_buffer_INT8)
    ai_sum_f32                               0x0800510b   Thumb Code    18  ai_math_helpers.o(i.ai_sum_f32)
    ai_version_get                           0x0800511d   Thumb Code    12  ai_datatypes_internal.o(i.ai_version_get)
    align_factor_ch                          0x08005129   Thumb Code    76  st_align_factor.o(i.align_factor_ch)
    core_compute_offsets                     0x08005309   Thumb Code   348  core_utils.o(i.core_compute_offsets)
    core_get_broadcasted_shape               0x08005469   Thumb Code    96  core_utils.o(i.core_get_broadcasted_shape)
    core_get_error                           0x080054c9   Thumb Code    12  core_common.o(i.core_get_error)
    core_init                                0x080054d5   Thumb Code     4  core_common.o(i.core_init)
    core_set_error                           0x08005515   Thumb Code    26  core_common.o(i.core_set_error)
    dcmi_cr_set                              0x08005531   Thumb Code    60  dcmi.o(i.dcmi_cr_set)
    dcmi_dma_init                            0x08005571   Thumb Code   220  dcmi.o(i.dcmi_dma_init)
    dcmi_init                                0x08005661   Thumb Code    72  dcmi.o(i.dcmi_init)
    dcmi_set_window                          0x080056b1   Thumb Code    84  dcmi.o(i.dcmi_set_window)
    dcmi_stop                                0x0800570d   Thumb Code    44  dcmi.o(i.dcmi_stop)
    delay_init                               0x08005741   Thumb Code     6  delay.o(i.delay_init)
    delay_ms                                 0x0800574d   Thumb Code    18  delay.o(i.delay_ms)
    delay_us                                 0x08005761   Thumb Code    68  delay.o(i.delay_us)
    dma_rx_callback                          0x080057a9   Thumb Code    44  main.o(i.dma_rx_callback)
    draw_face_boxes                          0x080057e9   Thumb Code   424  app_x-cube-ai.o(i.draw_face_boxes)
    forward_concat                           0x0800599d   Thumb Code  1170  layers_generic_float.o(i.forward_concat)
    forward_conv2d_rgb_sssa8_ch              0x08005e35   Thumb Code   520  layers_conv2d_rgb_sssa8_ch.o(i.forward_conv2d_rgb_sssa8_ch)
    forward_dw_3x3_sssa8_ch                  0x0800603d   Thumb Code   564  layers_dw_sssa8_ch.o(i.forward_dw_3x3_sssa8_ch)
    forward_eltwise_integer_INT8             0x08006271   Thumb Code   858  layers_stm32_integer.o(i.forward_eltwise_integer_INT8)
    forward_lite_conv2d_rgb_sssa8_ch         0x080065d5   Thumb Code   896  forward_lite_conv2d_sssa8_ch.o(i.forward_lite_conv2d_rgb_sssa8_ch)
    forward_lite_dw_3x3_sssa8_ch             0x08006955   Thumb Code  1970  forward_lite_dw_sssa8_ch.o(i.forward_lite_dw_3x3_sssa8_ch)
    forward_lite_maxpool_is8os8_scaleneg     0x08007109   Thumb Code   312  forward_lite_maxpool_is8os8.o(i.forward_lite_maxpool_is8os8_scaleneg)
    forward_lite_maxpool_is8os8_scalepos     0x08007245   Thumb Code   316  forward_lite_maxpool_is8os8_scalepos.o(i.forward_lite_maxpool_is8os8_scalepos)
    forward_lite_node_convert_integer_is8os8 0x08007385   Thumb Code    12  forward_lite_convert.o(i.forward_lite_node_convert_integer_is8os8)
    forward_lite_node_convert_integer_is8ou8 0x08007391   Thumb Code    12  forward_lite_convert.o(i.forward_lite_node_convert_integer_is8ou8)
    forward_lite_node_convert_integer_is8ou8_fast 0x0800739d   Thumb Code     4  forward_lite_convert.o(i.forward_lite_node_convert_integer_is8ou8_fast)
    forward_lite_node_convert_integer_iu8os8 0x080073a1   Thumb Code    12  forward_lite_convert.o(i.forward_lite_node_convert_integer_iu8os8)
    forward_lite_node_convert_integer_iu8os8_fast 0x080073ad   Thumb Code     4  forward_lite_convert.o(i.forward_lite_node_convert_integer_iu8os8_fast)
    forward_lite_node_convert_integer_iu8ou8 0x080073b1   Thumb Code    12  forward_lite_convert.o(i.forward_lite_node_convert_integer_iu8ou8)
    forward_lite_pad_8bit_ch1st_3x3_constant_P0022 0x080073bd   Thumb Code    72  forward_lite_pad_generic.o(i.forward_lite_pad_8bit_ch1st_3x3_constant_P0022)
    forward_lite_pad_8bit_ch1st_3x3_constant_P1111 0x08007405   Thumb Code   280  forward_lite_pad_generic.o(i.forward_lite_pad_8bit_ch1st_3x3_constant_P1111)
    forward_lite_pad_constant                0x0800751d   Thumb Code   232  forward_lite_pad_generic.o(i.forward_lite_pad_constant)
    forward_lite_pad_edge                    0x08007605   Thumb Code   168  forward_lite_pad_generic.o(i.forward_lite_pad_edge)
    forward_lite_pad_reflect                 0x080076ad   Thumb Code   234  forward_lite_pad_generic.o(i.forward_lite_pad_reflect)
    forward_lite_pw_sssa8_ch                 0x08007797   Thumb Code   586  forward_lite_pw_sssa8_ch.o(i.forward_lite_pw_sssa8_ch)
    forward_mp_integer_INT8                  0x080079e1   Thumb Code   170  layers_pool_stm32_integer.o(i.forward_mp_integer_INT8)
    forward_nl_integer                       0x08007a8b   Thumb Code    98  layers_nl_stm32_integer.o(i.forward_nl_integer)
    forward_pad                              0x08007aed   Thumb Code    34  layers_generic_float.o(i.forward_pad)
    forward_pad_8bit_ch1st_3x3_constant      0x08007b0f   Thumb Code   174  layers_pad_generic.o(i.forward_pad_8bit_ch1st_3x3_constant)
    forward_pad_constant                     0x08007bbd   Thumb Code   180  layers_pad_generic.o(i.forward_pad_constant)
    forward_pad_edge                         0x08007c71   Thumb Code   152  layers_pad_generic.o(i.forward_pad_edge)
    forward_pad_reflect                      0x08007d09   Thumb Code   202  layers_pad_generic.o(i.forward_pad_reflect)
    forward_pw_sssa8_ch                      0x08007dd3   Thumb Code   554  layers_pw_sssa8_ch.o(i.forward_pw_sssa8_ch)
    fputc                                    0x08007ffd   Thumb Code    22  usart.o(i.fputc)
    get_detected_face_count                  0x08008019   Thumb Code     6  app_x-cube-ai.o(i.get_detected_face_count)
    get_tensor_byte_size                     0x08008025   Thumb Code    34  ai_datatypes_internal.o(i.get_tensor_byte_size)
    jpeg_data_process                        0x0800804d   Thumb Code     2  main.o(i.jpeg_data_process)
    key_init                                 0x08008051   Thumb Code   240  key.o(i.key_init)
    key_scan                                 0x0800814d   Thumb Code   184  key.o(i.key_scan)
    lcd_clear                                0x08008211   Thumb Code    42  lcd.o(i.lcd_clear)
    lcd_display_dir                          0x08008245   Thumb Code   360  lcd.o(i.lcd_display_dir)
    lcd_draw_line                            0x080083b1   Thumb Code   172  lcd.o(i.lcd_draw_line)
    lcd_draw_point                           0x0800845d   Thumb Code    26  lcd.o(i.lcd_draw_point)
    lcd_draw_rectangle                       0x0800847d   Thumb Code    74  lcd.o(i.lcd_draw_rectangle)
    lcd_ex_ili9341_reginit                   0x080084c7   Thumb Code   556  lcd.o(i.lcd_ex_ili9341_reginit)
    lcd_ex_ili9806_reginit                   0x080086f3   Thumb Code   832  lcd.o(i.lcd_ex_ili9806_reginit)
    lcd_ex_nt35310_reginit                   0x08008a33   Thumb Code  3826  lcd.o(i.lcd_ex_nt35310_reginit)
    lcd_ex_nt35510_reginit                   0x08009925   Thumb Code  3950  lcd.o(i.lcd_ex_nt35510_reginit)
    lcd_ex_ssd1963_reginit                   0x0800a893   Thumb Code   366  lcd.o(i.lcd_ex_ssd1963_reginit)
    lcd_ex_st7789_reginit                    0x0800aa01   Thumb Code   424  lcd.o(i.lcd_ex_st7789_reginit)
    lcd_ex_st7796_reginit                    0x0800aba9   Thumb Code   454  lcd.o(i.lcd_ex_st7796_reginit)
    lcd_init                                 0x0800ad71   Thumb Code  1308  lcd.o(i.lcd_init)
    lcd_scan_dir                             0x0800b2bd   Thumb Code   568  lcd.o(i.lcd_scan_dir)
    lcd_set_cursor                           0x0800b4f9   Thumb Code   282  lcd.o(i.lcd_set_cursor)
    lcd_set_window                           0x0800b619   Thumb Code   362  lcd.o(i.lcd_set_window)
    lcd_show_char                            0x0800b789   Thumb Code   294  lcd.o(i.lcd_show_char)
    lcd_show_string                          0x0800b8c9   Thumb Code   106  lcd.o(i.lcd_show_string)
    lcd_ssd_backlight_set                    0x0800b935   Thumb Code    88  lcd.o(i.lcd_ssd_backlight_set)
    lcd_wr_data                              0x0800b995   Thumb Code    18  lcd.o(i.lcd_wr_data)
    lcd_wr_regno                             0x0800b9ad   Thumb Code    18  lcd.o(i.lcd_wr_regno)
    lcd_write_ram_prepare                    0x0800b9c5   Thumb Code    10  lcd.o(i.lcd_write_ram_prepare)
    lcd_write_reg                            0x0800b9d9   Thumb Code    14  lcd.o(i.lcd_write_reg)
    led_init                                 0x0800b9ed   Thumb Code   142  led.o(i.led_init)
    lite_convert_is8os8                      0x0800ba85   Thumb Code    86  lite_convert_kernel.o(i.lite_convert_is8os8)
    lite_convert_is8ou8                      0x0800bae1   Thumb Code    78  lite_convert_kernel.o(i.lite_convert_is8ou8)
    lite_convert_is8ou8_fast                 0x0800bb31   Thumb Code    74  lite_convert_kernel.o(i.lite_convert_is8ou8_fast)
    lite_convert_iu8os8                      0x0800bb7d   Thumb Code    94  lite_convert_kernel.o(i.lite_convert_iu8os8)
    lite_convert_iu8os8_fast                 0x0800bbe1   Thumb Code    82  lite_convert_kernel.o(i.lite_convert_iu8os8_fast)
    lite_convert_iu8ou8                      0x0800bc33   Thumb Code    74  lite_convert_kernel.o(i.lite_convert_iu8ou8)
    main                                     0x0800bc7d   Thumb Code   672  main.o(i.main)
    nl_func_array_integer                    0x0800cfad   Thumb Code    60  layers_nl_stm32_integer.o(i.nl_func_array_integer)
    node_convert_integer                     0x0800d139   Thumb Code   418  core_convert.o(i.node_convert_integer)
    ov2640_auto_exposure                     0x0800d2dd   Thumb Code    40  ov2640.o(i.ov2640_auto_exposure)
    ov2640_brightness                        0x0800d309   Thumb Code    56  ov2640.o(i.ov2640_brightness)
    ov2640_color_saturation                  0x0800d341   Thumb Code    64  ov2640.o(i.ov2640_color_saturation)
    ov2640_contrast                          0x0800d381   Thumb Code   118  ov2640.o(i.ov2640_contrast)
    ov2640_flash_intctrl                     0x0800d3f7   Thumb Code    28  ov2640.o(i.ov2640_flash_intctrl)
    ov2640_image_win_set                     0x0800d413   Thumb Code   188  ov2640.o(i.ov2640_image_win_set)
    ov2640_imagesize_set                     0x0800d4cf   Thumb Code    80  ov2640.o(i.ov2640_imagesize_set)
    ov2640_init                              0x0800d521   Thumb Code   332  ov2640.o(i.ov2640_init)
    ov2640_light_mode                        0x0800d691   Thumb Code   120  ov2640.o(i.ov2640_light_mode)
    ov2640_outsize_set                       0x0800d709   Thumb Code   136  ov2640.o(i.ov2640_outsize_set)
    ov2640_read_reg                          0x0800d791   Thumb Code    78  ov2640.o(i.ov2640_read_reg)
    ov2640_rgb565_mode                       0x0800d7e1   Thumb Code    36  ov2640.o(i.ov2640_rgb565_mode)
    ov2640_special_effects                   0x0800d809   Thumb Code   122  ov2640.o(i.ov2640_special_effects)
    ov2640_window_set                        0x0800d883   Thumb Code   156  ov2640.o(i.ov2640_window_set)
    ov2640_write_reg                         0x0800d91f   Thumb Code    74  ov2640.o(i.ov2640_write_reg)
    pool_func_mp_array_integer_INT8          0x0800d969   Thumb Code   208  layers_pool_stm32_integer.o(i.pool_func_mp_array_integer_INT8)
    post_process                             0x0800da39   Thumb Code   510  app_x-cube-ai.o(i.post_process)
    prepare_frame                            0x0800dc4d   Thumb Code   184  app_x-cube-ai.o(i.prepare_frame)
    read_addr                                0x0800dd09   Thumb Code     6  usmart.o(i.read_addr)
    sccb_init                                0x0800dd19   Thumb Code   120  sccb.o(i.sccb_init)
    sccb_nack                                0x0800dd99   Thumb Code    76  sccb.o(i.sccb_nack)
    sccb_read_byte                           0x0800dde9   Thumb Code    74  sccb.o(i.sccb_read_byte)
    sccb_send_byte                           0x0800de39   Thumb Code   156  sccb.o(i.sccb_send_byte)
    sccb_start                               0x0800ded9   Thumb Code    68  sccb.o(i.sccb_start)
    sccb_stop                                0x0800df21   Thumb Code    58  sccb.o(i.sccb_stop)
    sram_init                                0x0800df89   Thumb Code   468  sram.o(i.sram_init)
    st_dw_sssa8_ch_Wadapt                    0x0800e179   Thumb Code   254  forward_lite_dw_sssa8_ch.o(i.st_dw_sssa8_ch_Wadapt)
    st_int8_copy                             0x0800e279   Thumb Code   144  st_int8_fill.o(i.st_int8_copy)
    st_int8_fill                             0x0800e309   Thumb Code   100  st_int8_fill.o(i.st_int8_fill)
    st_int8_to16_dual                        0x0800e36d   Thumb Code   606  st_int8_to16_no_shift.o(i.st_int8_to16_dual)
    st_sssa8_ch_convolve_rank1upd            0x0800e5cd   Thumb Code   164  st_sssa8_ch_convolve.o(i.st_sssa8_ch_convolve_rank1upd)
    st_sssa8_ch_fullW_prefetch               0x0800e671   Thumb Code    86  st_sssa8_ch_nn_mat_mult_nt_t.o(i.st_sssa8_ch_fullW_prefetch)
    st_sssa8_ch_nn_mat_mult_kernel_single_opt 0x0800e6c9   Thumb Code   624  st_sssa8_ch_nn_mat_mult_kernel_single_opt.o(i.st_sssa8_ch_nn_mat_mult_kernel_single_opt)
    sys_stm32_clock_init                     0x0800e939   Thumb Code   208  sys.o(i.sys_stm32_clock_init)
    usart_init                               0x0800ea15   Thumb Code    44  usart.o(i.usart_init)
    usmart_cmd_rec                           0x0800ea4d   Thumb Code   170  usmart.o(i.usmart_cmd_rec)
    usmart_exe                               0x0800eafd   Thumb Code   632  usmart.o(i.usmart_exe)
    usmart_get_aparm                         0x0800edd1   Thumb Code   212  usmart_str.o(i.usmart_get_aparm)
    usmart_get_cmdname                       0x0800eea5   Thumb Code    54  usmart_str.o(i.usmart_get_cmdname)
    usmart_get_fname                         0x0800eedd   Thumb Code   440  usmart_str.o(i.usmart_get_fname)
    usmart_get_fparam                        0x0800f09d   Thumb Code   262  usmart_str.o(i.usmart_get_fparam)
    usmart_get_input_string                  0x0800f1a9   Thumb Code    30  usmart_port.o(i.usmart_get_input_string)
    usmart_get_parmpos                       0x0800f1d1   Thumb Code    26  usmart_str.o(i.usmart_get_parmpos)
    usmart_init                              0x0800f1f1   Thumb Code    36  usmart.o(i.usmart_init)
    usmart_pow                               0x0800f219   Thumb Code    22  usmart_str.o(i.usmart_pow)
    usmart_scan                              0x0800f231   Thumb Code   106  usmart.o(i.usmart_scan)
    usmart_search_nextc                      0x0800f2d9   Thumb Code    22  usmart_str.o(i.usmart_search_nextc)
    usmart_str2num                           0x0800f2ef   Thumb Code   262  usmart_str.o(i.usmart_str2num)
    usmart_strcmp                            0x0800f3f5   Thumb Code    34  usmart_str.o(i.usmart_strcmp)
    usmart_strcopy                           0x0800f417   Thumb Code    22  usmart_str.o(i.usmart_strcopy)
    usmart_strlen                            0x0800f42d   Thumb Code    24  usmart_str.o(i.usmart_strlen)
    usmart_sys_cmd_exe                       0x0800f445   Thumb Code  1570  usmart.o(i.usmart_sys_cmd_exe)
    usmart_timx_get_time                     0x0800fb39   Thumb Code    58  usmart_port.o(i.usmart_timx_get_time)
    usmart_timx_init                         0x0800fb7d   Thumb Code    88  usmart_port.o(i.usmart_timx_init)
    usmart_timx_reset_time                   0x0800fbe1   Thumb Code    44  usmart_port.o(i.usmart_timx_reset_time)
    weights_2channels_prefetch               0x0800fc15   Thumb Code   400  st_sssa8_ch_nn_mat_mult_nt_t.o(i.weights_2channels_prefetch)
    write_addr                               0x0800fda5   Thumb Code     4  usmart.o(i.write_addr)
    __aeabi_d2uiz                            0x0800fda9   Thumb Code     0  dfixu.o(x$fpl$dfixu)
    _dfixu                                   0x0800fda9   Thumb Code    90  dfixu.o(x$fpl$dfixu)
    __aeabi_ui2d                             0x0800fe03   Thumb Code     0  dflt_clz.o(x$fpl$dfltu)
    _dfltu                                   0x0800fe03   Thumb Code    38  dflt_clz.o(x$fpl$dfltu)
    __aeabi_dmul                             0x0800fe29   Thumb Code     0  dmul.o(x$fpl$dmul)
    _dmul                                    0x0800fe29   Thumb Code   332  dmul.o(x$fpl$dmul)
    __fpl_dnaninf                            0x0800ff7d   Thumb Code   156  dnaninf.o(x$fpl$dnaninf)
    __fpl_dretinf                            0x08010019   Thumb Code    12  dretinf.o(x$fpl$dretinf)
    _fp_init                                 0x08010025   Thumb Code    10  fpinit.o(x$fpl$fpinit)
    __fplib_config_fpu_vfp                   0x0801002d   Thumb Code     0  fpinit.o(x$fpl$fpinit)
    __fplib_config_pureend_doubles           0x0801002d   Thumb Code     0  fpinit.o(x$fpl$fpinit)
    AHBPrescTable                            0x0801002e   Data          16  system_stm32f4xx.o(.constdata)
    __I$use$fp                               0x0801002e   Number         0  usenofp.o(x$fpl$usenofp)
    APBPrescTable                            0x0801003e   Data           8  system_stm32f4xx.o(.constdata)
    asc2_1206                                0x0801004e   Data        1140  lcd.o(.constdata)
    asc2_1608                                0x080104c2   Data        1520  lcd.o(.constdata)
    asc2_2412                                0x08010ab2   Data        3420  lcd.o(.constdata)
    asc2_3216                                0x0801180e   Data        6080  lcd.o(.constdata)
    ov2640_uxga_init_reg_tbl                 0x08012fce   Data         356  ov2640.o(.constdata)
    ov2640_svga_init_reg_tbl                 0x08013132   Data         354  ov2640.o(.constdata)
    ov2640_yuv422_reg_tbl                    0x08013294   Data          16  ov2640.o(.constdata)
    ov2640_jpeg_reg_tbl                      0x080132a4   Data          14  ov2640.o(.constdata)
    ov2640_rgb565_reg_tbl                    0x080132b2   Data          28  ov2640.o(.constdata)
    s_network_weights_array_u64              0x08015a80   Data       11304  network_data_params.o(.constdata)
    Region$$Table$$Base                      0x08018cb4   Number         0  anon$$obj.o(Region$$Table)
    Region$$Table$$Limit                     0x08018cd4   Number         0  anon$$obj.o(Region$$Table)
    SystemCoreClock                          0x20000014   Data           4  system_stm32f4xx.o(.data)
    __stdout                                 0x2000001c   Data           4  usart.o(.data)
    g_usart_rx_sta                           0x20000020   Data           2  usart.o(.data)
    g_rx_buffer                              0x20000022   Data           1  usart.o(.data)
    uwTick                                   0x20000024   Data           4  stm32f4xx_hal.o(.data)
    uwTickPrio                               0x20000028   Data           4  stm32f4xx_hal.o(.data)
    uwTickFreq                               0x2000002c   Data           1  stm32f4xx_hal.o(.data)
    g_point_color                            0x20000030   Data           4  lcd.o(.data)
    g_back_color                             0x20000034   Data           4  lcd.o(.data)
    g_ov_frame                               0x2000003c   Data           1  dcmi.o(.data)
    dcmi_rx_callback                         0x20000040   Data           4  dcmi.o(.data)
    sys_cmd_tab                              0x20000044   Data          28  usmart.o(.data)
    usmart_nametab                           0x20000060   Data         160  usmart_config.o(.data)
    usmart_dev                               0x20000100   Data         244  usmart_config.o(.data)
    data_ins                                 0x200001f4   Data           4  app_x-cube-ai.o(.data)
    data_outs                                0x200001f8   Data           4  app_x-cube-ai.o(.data)
    data_activations0                        0x200001fc   Data           4  app_x-cube-ai.o(.data)
    g_network_data_map_activations           0x20004480   Data          28  network_data.o(.data)
    g_network_data_map_weights               0x2000449c   Data          28  network_data.o(.data)
    ai_in                                    0x200044b8   Data        9408  main.o(.bss)
    ai_out                                   0x20006978   Data         882  main.o(.bss)
    g_usart_rx_buf                           0x20006cec   Data         200  usart.o(.bss)
    g_uart1_handle                           0x20006db4   Data          68  usart.o(.bss)
    g_sram_handle                            0x20006df8   Data          80  lcd.o(.bss)
    lcddev                                   0x20006e48   Data          14  lcd.o(.bss)
    g_timx_handler                           0x20006e58   Data          72  btim.o(.bss)
    g_dcmi_handle                            0x20006ea0   Data          64  dcmi.o(.bss)
    g_dma_dcmi_handle                        0x20006ee0   Data          96  dcmi.o(.bss)
    g_sram_handler                           0x20006f40   Data          80  sram.o(.bss)
    g_timx_usmart_handle                     0x20006f90   Data          72  usmart_port.o(.bss)
    __libspace_start                         0x2000f300   Data          96  libspace.o(.bss)
    __temporary_stack_top$libspace           0x2000f360   Data           0  libspace.o(.bss)



==============================================================================

Memory Map of the image

  Image Entry point : 0x08000189

  Load Region LR_IROM1 (Base: 0x08000000, Size: 0x0001d18c, Max: 0x00100000, ABSOLUTE, COMPRESSED[0x0001a408])

    Execution Region ER_IROM1 (Exec base: 0x08000000, Load base: 0x08000000, Size: 0x00018cd4, Max: 0x00100000, ABSOLUTE)

    Exec Addr    Load Addr    Size         Type   Attr      Idx    E Section Name        Object

    0x08000000   0x08000000   0x00000188   Data   RO            3    RESET               startup_stm32f407xx.o
    0x08000188   0x08000188   0x00000008   Code   RO         6942  * !!!main             c_w.l(__main.o)
    0x08000190   0x08000190   0x00000034   Code   RO         7341    !!!scatter          c_w.l(__scatter.o)
    0x080001c4   0x080001c4   0x0000005a   Code   RO         7339    !!dczerorl2         c_w.l(__dczerorl2.o)
    0x0800021e   0x0800021e   0x00000002   PAD
    0x08000220   0x08000220   0x0000001c   Code   RO         7343    !!handler_zi        c_w.l(__scatter_zi.o)
    0x0800023c   0x0800023c   0x00000000   Code   RO         6933    .ARM.Collect$$_printf_percent$$00000000  c_w.l(_printf_percent.o)
    0x0800023c   0x0800023c   0x00000006   Code   RO         6931    .ARM.Collect$$_printf_percent$$00000009  c_w.l(_printf_d.o)
    0x08000242   0x08000242   0x00000006   Code   RO         6932    .ARM.Collect$$_printf_percent$$0000000A  c_w.l(_printf_u.o)
    0x08000248   0x08000248   0x00000006   Code   RO         6930    .ARM.Collect$$_printf_percent$$0000000C  c_w.l(_printf_x.o)
    0x0800024e   0x0800024e   0x00000006   Code   RO         6928    .ARM.Collect$$_printf_percent$$00000013  c_w.l(_printf_c.o)
    0x08000254   0x08000254   0x00000006   Code   RO         6929    .ARM.Collect$$_printf_percent$$00000014  c_w.l(_printf_s.o)
    0x0800025a   0x0800025a   0x00000004   Code   RO         7130    .ARM.Collect$$_printf_percent$$00000017  c_w.l(_printf_percent_end.o)
    0x0800025e   0x0800025e   0x00000002   Code   RO         7282    .ARM.Collect$$libinit$$00000000  c_w.l(libinit.o)
    0x08000260   0x08000260   0x00000004   Code   RO         7133    .ARM.Collect$$libinit$$00000001  c_w.l(libinit2.o)
    0x08000264   0x08000264   0x00000000   Code   RO         7136    .ARM.Collect$$libinit$$00000004  c_w.l(libinit2.o)
    0x08000264   0x08000264   0x00000000   Code   RO         7139    .ARM.Collect$$libinit$$0000000A  c_w.l(libinit2.o)
    0x08000264   0x08000264   0x00000000   Code   RO         7141    .ARM.Collect$$libinit$$0000000C  c_w.l(libinit2.o)
    0x08000264   0x08000264   0x00000000   Code   RO         7143    .ARM.Collect$$libinit$$0000000E  c_w.l(libinit2.o)
    0x08000264   0x08000264   0x00000000   Code   RO         7146    .ARM.Collect$$libinit$$00000011  c_w.l(libinit2.o)
    0x08000264   0x08000264   0x00000000   Code   RO         7148    .ARM.Collect$$libinit$$00000013  c_w.l(libinit2.o)
    0x08000264   0x08000264   0x00000000   Code   RO         7150    .ARM.Collect$$libinit$$00000015  c_w.l(libinit2.o)
    0x08000264   0x08000264   0x00000000   Code   RO         7152    .ARM.Collect$$libinit$$00000017  c_w.l(libinit2.o)
    0x08000264   0x08000264   0x00000000   Code   RO         7154    .ARM.Collect$$libinit$$00000019  c_w.l(libinit2.o)
    0x08000264   0x08000264   0x00000000   Code   RO         7156    .ARM.Collect$$libinit$$0000001B  c_w.l(libinit2.o)
    0x08000264   0x08000264   0x00000000   Code   RO         7158    .ARM.Collect$$libinit$$0000001D  c_w.l(libinit2.o)
    0x08000264   0x08000264   0x00000000   Code   RO         7160    .ARM.Collect$$libinit$$0000001F  c_w.l(libinit2.o)
    0x08000264   0x08000264   0x00000000   Code   RO         7162    .ARM.Collect$$libinit$$00000021  c_w.l(libinit2.o)
    0x08000264   0x08000264   0x00000000   Code   RO         7164    .ARM.Collect$$libinit$$00000023  c_w.l(libinit2.o)
    0x08000264   0x08000264   0x00000000   Code   RO         7166    .ARM.Collect$$libinit$$00000025  c_w.l(libinit2.o)
    0x08000264   0x08000264   0x00000000   Code   RO         7170    .ARM.Collect$$libinit$$0000002C  c_w.l(libinit2.o)
    0x08000264   0x08000264   0x00000000   Code   RO         7172    .ARM.Collect$$libinit$$0000002E  c_w.l(libinit2.o)
    0x08000264   0x08000264   0x00000000   Code   RO         7174    .ARM.Collect$$libinit$$00000030  c_w.l(libinit2.o)
    0x08000264   0x08000264   0x00000000   Code   RO         7176    .ARM.Collect$$libinit$$00000032  c_w.l(libinit2.o)
    0x08000264   0x08000264   0x00000002   Code   RO         7177    .ARM.Collect$$libinit$$00000033  c_w.l(libinit2.o)
    0x08000266   0x08000266   0x00000002   Code   RO         7336    .ARM.Collect$$libshutdown$$00000000  c_w.l(libshutdown.o)
    0x08000268   0x08000268   0x00000000   Code   RO         7296    .ARM.Collect$$libshutdown$$00000002  c_w.l(libshutdown2.o)
    0x08000268   0x08000268   0x00000000   Code   RO         7298    .ARM.Collect$$libshutdown$$00000004  c_w.l(libshutdown2.o)
    0x08000268   0x08000268   0x00000000   Code   RO         7301    .ARM.Collect$$libshutdown$$00000007  c_w.l(libshutdown2.o)
    0x08000268   0x08000268   0x00000000   Code   RO         7304    .ARM.Collect$$libshutdown$$0000000A  c_w.l(libshutdown2.o)
    0x08000268   0x08000268   0x00000000   Code   RO         7306    .ARM.Collect$$libshutdown$$0000000C  c_w.l(libshutdown2.o)
    0x08000268   0x08000268   0x00000000   Code   RO         7309    .ARM.Collect$$libshutdown$$0000000F  c_w.l(libshutdown2.o)
    0x08000268   0x08000268   0x00000002   Code   RO         7310    .ARM.Collect$$libshutdown$$00000010  c_w.l(libshutdown2.o)
    0x0800026a   0x0800026a   0x00000000   Code   RO         7088    .ARM.Collect$$rtentry$$00000000  c_w.l(__rtentry.o)
    0x0800026a   0x0800026a   0x00000000   Code   RO         7211    .ARM.Collect$$rtentry$$00000002  c_w.l(__rtentry2.o)
    0x0800026a   0x0800026a   0x00000006   Code   RO         7223    .ARM.Collect$$rtentry$$00000004  c_w.l(__rtentry4.o)
    0x08000270   0x08000270   0x00000000   Code   RO         7213    .ARM.Collect$$rtentry$$00000009  c_w.l(__rtentry2.o)
    0x08000270   0x08000270   0x00000004   Code   RO         7214    .ARM.Collect$$rtentry$$0000000A  c_w.l(__rtentry2.o)
    0x08000274   0x08000274   0x00000000   Code   RO         7216    .ARM.Collect$$rtentry$$0000000C  c_w.l(__rtentry2.o)
    0x08000274   0x08000274   0x00000008   Code   RO         7217    .ARM.Collect$$rtentry$$0000000D  c_w.l(__rtentry2.o)
    0x0800027c   0x0800027c   0x00000002   Code   RO         7283    .ARM.Collect$$rtexit$$00000000  c_w.l(rtexit.o)
    0x0800027e   0x0800027e   0x00000000   Code   RO         7312    .ARM.Collect$$rtexit$$00000002  c_w.l(rtexit2.o)
    0x0800027e   0x0800027e   0x00000004   Code   RO         7313    .ARM.Collect$$rtexit$$00000003  c_w.l(rtexit2.o)
    0x08000282   0x08000282   0x00000006   Code   RO         7314    .ARM.Collect$$rtexit$$00000004  c_w.l(rtexit2.o)
    0x08000288   0x08000288   0x0000004c   Code   RO            4    .text               startup_stm32f407xx.o
    0x080002d4   0x080002d4   0x00000002   Code   RO         6797    .text               c_w.l(use_no_semi_2.o)
    0x080002d6   0x080002d6   0x000000ee   Code   RO         6867    .text               c_w.l(lludivv7m.o)
    0x080003c4   0x080003c4   0x00000018   Code   RO         6875    .text               c_w.l(noretval__2printf.o)
    0x080003dc   0x080003dc   0x00000028   Code   RO         6877    .text               c_w.l(noretval__2sprintf.o)
    0x08000404   0x08000404   0x0000004e   Code   RO         6881    .text               c_w.l(_printf_pad.o)
    0x08000452   0x08000452   0x00000052   Code   RO         6883    .text               c_w.l(_printf_str.o)
    0x080004a4   0x080004a4   0x00000078   Code   RO         6885    .text               c_w.l(_printf_dec.o)
    0x0800051c   0x0800051c   0x00000058   Code   RO         6890    .text               c_w.l(_printf_hex_int.o)
    0x08000574   0x08000574   0x00000188   Code   RO         6925    .text               c_w.l(__printf_flags_ss_wp.o)
    0x080006fc   0x080006fc   0x00000058   Code   RO         6934    .text               c_w.l(memcmp.o)
    0x08000754   0x08000754   0x00000064   Code   RO         6936    .text               c_w.l(rt_memcpy_w.o)
    0x080007b8   0x080007b8   0x0000004e   Code   RO         6938    .text               c_w.l(rt_memclr_w.o)
    0x08000806   0x08000806   0x00000006   Code   RO         6940    .text               c_w.l(heapauxi.o)
    0x0800080c   0x0800080c   0x00000002   Code   RO         7084    .text               c_w.l(use_no_semi.o)
    0x0800080e   0x0800080e   0x00000016   Code   RO         7118    .text               c_w.l(_rserrno.o)
    0x08000824   0x08000824   0x000000b2   Code   RO         7120    .text               c_w.l(_printf_intcommon.o)
    0x080008d6   0x080008d6   0x00000002   PAD
    0x080008d8   0x080008d8   0x00000030   Code   RO         7122    .text               c_w.l(_printf_char_common.o)
    0x08000908   0x08000908   0x0000000a   Code   RO         7124    .text               c_w.l(_sputc.o)
    0x08000912   0x08000912   0x0000002c   Code   RO         7126    .text               c_w.l(_printf_char.o)
    0x0800093e   0x0800093e   0x00000002   PAD
    0x08000940   0x08000940   0x00000024   Code   RO         7128    .text               c_w.l(_printf_char_file.o)
    0x08000964   0x08000964   0x00000008   Code   RO         7207    .text               c_w.l(libspace.o)
    0x0800096c   0x0800096c   0x00000008   Code   RO         7230    .text               c_w.l(rt_errno_addr_intlibspace.o)
    0x08000974   0x08000974   0x00000008   Code   RO         7242    .text               c_w.l(ferror.o)
    0x0800097c   0x0800097c   0x0000004a   Code   RO         7257    .text               c_w.l(sys_stackheap_outer.o)
    0x080009c6   0x080009c6   0x00000012   Code   RO         7263    .text               c_w.l(exit.o)
    0x080009d8   0x080009d8   0x0000033c   Code   RO         6773    .text.st_sssa8_ch_nn_mat_mult_kernel_opt  NetworkRuntime1020_CM4_Keil.lib(st_sssa8_ch_nn_mat_mult_kernel_opt.o)
    0x08000d14   0x08000d14   0x0000000c   PAD
    0x08000d20   0x08000d20   0x00000760   Code   RO         6777    .text.st_sssa8_ch_nn_mat_mult_pw_nt_t  NetworkRuntime1020_CM4_Keil.lib(st_sssa8_ch_nn_mat_mult_pw_nt_t.o)
    0x08001480   0x08001480   0x00000470   Code   RO         6778    .text.st_sssa8_ch_nn_mat_mult_pw_nt_t_KWS  NetworkRuntime1020_CM4_Keil.lib(st_sssa8_ch_nn_mat_mult_pw_nt_t.o)
    0x080018f0   0x080018f0   0x00000004   Code   RO          308    i.BusFault_Handler  stm32f4xx_it.o
    0x080018f4   0x080018f4   0x0000001c   Code   RO         3596    i.DCMI_DMAError     stm32f4xx_hal_dcmi.o
    0x08001910   0x08001910   0x00000010   Code   RO         4301    i.DCMI_IRQHandler   dcmi.o
    0x08001920   0x08001920   0x000000b4   Code   RO         4302    i.DMA2_Stream1_IRQHandler  dcmi.o
    0x080019d4   0x080019d4   0x00000034   Code   RO         3243    i.DMA_CalcBaseAndBitshift  stm32f4xx_hal_dma.o
    0x08001a08   0x08001a08   0x000000aa   Code   RO         3244    i.DMA_CheckFifoParam  stm32f4xx_hal_dma.o
    0x08001ab2   0x08001ab2   0x00000020   Code   RO         1972    i.DMA_MultiBufferSetConfig  stm32f4xx_hal_dma_ex.o
    0x08001ad2   0x08001ad2   0x0000002c   Code   RO         3245    i.DMA_SetConfig     stm32f4xx_hal_dma.o
    0x08001afe   0x08001afe   0x00000002   Code   RO          309    i.DebugMon_Handler  stm32f4xx_it.o
    0x08001b00   0x08001b00   0x00000048   Code   RO         3125    i.FSMC_NORSRAM_Extended_Timing_Init  stm32f4xx_ll_fsmc.o
    0x08001b48   0x08001b48   0x0000005c   Code   RO         3126    i.FSMC_NORSRAM_Init  stm32f4xx_ll_fsmc.o
    0x08001ba4   0x08001ba4   0x00000044   Code   RO         3127    i.FSMC_NORSRAM_Timing_Init  stm32f4xx_ll_fsmc.o
    0x08001be8   0x08001be8   0x00000002   Code   RO         3603    i.HAL_DCMI_ErrorCallback  stm32f4xx_hal_dcmi.o
    0x08001bea   0x08001bea   0x00000002   PAD
    0x08001bec   0x08001bec   0x00000048   Code   RO         4303    i.HAL_DCMI_FrameEventCallback  dcmi.o
    0x08001c34   0x08001c34   0x000000b0   Code   RO         3607    i.HAL_DCMI_IRQHandler  stm32f4xx_hal_dcmi.o
    0x08001ce4   0x08001ce4   0x00000092   Code   RO         3572    i.HAL_DCMI_Init     stm32f4xx_hal_dcmi_ex.o
    0x08001d76   0x08001d76   0x00000002   Code   RO         3609    i.HAL_DCMI_LineEventCallback  stm32f4xx_hal_dcmi.o
    0x08001d78   0x08001d78   0x0000010c   Code   RO         4304    i.HAL_DCMI_MspInit  dcmi.o
    0x08001e84   0x08001e84   0x00000002   Code   RO         3616    i.HAL_DCMI_VsyncEventCallback  stm32f4xx_hal_dcmi.o
    0x08001e86   0x08001e86   0x0000007c   Code   RO         1974    i.HAL_DMAEx_MultiBufferStart  stm32f4xx_hal_dma_ex.o
    0x08001f02   0x08001f02   0x000000aa   Code   RO         3246    i.HAL_DMA_Abort     stm32f4xx_hal_dma.o
    0x08001fac   0x08001fac   0x00000028   Code   RO         3247    i.HAL_DMA_Abort_IT  stm32f4xx_hal_dma.o
    0x08001fd4   0x08001fd4   0x00000070   Code   RO         3248    i.HAL_DMA_DeInit    stm32f4xx_hal_dma.o
    0x08002044   0x08002044   0x000000ec   Code   RO         3252    i.HAL_DMA_Init      stm32f4xx_hal_dma.o
    0x08002130   0x08002130   0x00000066   Code   RO         3255    i.HAL_DMA_Start     stm32f4xx_hal_dma.o
    0x08002196   0x08002196   0x00000002   PAD
    0x08002198   0x08002198   0x00000204   Code   RO          946    i.HAL_GPIO_Init     stm32f4xx_hal_gpio.o
    0x0800239c   0x0800239c   0x00000010   Code   RO          948    i.HAL_GPIO_ReadPin  stm32f4xx_hal_gpio.o
    0x080023ac   0x080023ac   0x00000014   Code   RO          949    i.HAL_GPIO_TogglePin  stm32f4xx_hal_gpio.o
    0x080023c0   0x080023c0   0x0000000c   Code   RO          950    i.HAL_GPIO_WritePin  stm32f4xx_hal_gpio.o
    0x080023cc   0x080023cc   0x0000000c   Code   RO          629    i.HAL_GetREVID      stm32f4xx_hal.o
    0x080023d8   0x080023d8   0x0000000c   Code   RO          630    i.HAL_GetTick       stm32f4xx_hal.o
    0x080023e4   0x080023e4   0x00000018   Code   RO          636    i.HAL_IncTick       stm32f4xx_hal.o
    0x080023fc   0x080023fc   0x00000030   Code   RO          637    i.HAL_Init          stm32f4xx_hal.o
    0x0800242c   0x0800242c   0x0000004c   Code   RO          638    i.HAL_InitTick      stm32f4xx_hal.o
    0x08002478   0x08002478   0x00000002   Code   RO          640    i.HAL_MspInit       stm32f4xx_hal.o
    0x0800247a   0x0800247a   0x00000020   Code   RO          808    i.HAL_NVIC_EnableIRQ  stm32f4xx_hal_cortex.o
    0x0800249a   0x0800249a   0x0000007c   Code   RO          814    i.HAL_NVIC_SetPriority  stm32f4xx_hal_cortex.o
    0x08002516   0x08002516   0x00000002   PAD
    0x08002518   0x08002518   0x00000028   Code   RO          815    i.HAL_NVIC_SetPriorityGrouping  stm32f4xx_hal_cortex.o
    0x08002540   0x08002540   0x00000184   Code   RO         1010    i.HAL_RCC_ClockConfig  stm32f4xx_hal_rcc.o
    0x080026c4   0x080026c4   0x0000000c   Code   RO         1015    i.HAL_RCC_GetHCLKFreq  stm32f4xx_hal_rcc.o
    0x080026d0   0x080026d0   0x00000020   Code   RO         1017    i.HAL_RCC_GetPCLK1Freq  stm32f4xx_hal_rcc.o
    0x080026f0   0x080026f0   0x00000020   Code   RO         1018    i.HAL_RCC_GetPCLK2Freq  stm32f4xx_hal_rcc.o
    0x08002710   0x08002710   0x000000b0   Code   RO         1019    i.HAL_RCC_GetSysClockFreq  stm32f4xx_hal_rcc.o
    0x080027c0   0x080027c0   0x0000049c   Code   RO         1022    i.HAL_RCC_OscConfig  stm32f4xx_hal_rcc.o
    0x08002c5c   0x08002c5c   0x00000058   Code   RO         3001    i.HAL_SRAM_Init     stm32f4xx_hal_sram.o
    0x08002cb4   0x08002cb4   0x000000a4   Code   RO         3762    i.HAL_SRAM_MspInit  lcd.o
    0x08002d58   0x08002d58   0x00000034   Code   RO          819    i.HAL_SYSTICK_Config  stm32f4xx_hal_cortex.o
    0x08002d8c   0x08002d8c   0x00000002   Code   RO         2730    i.HAL_TIMEx_BreakCallback  stm32f4xx_hal_tim_ex.o
    0x08002d8e   0x08002d8e   0x00000002   Code   RO         2731    i.HAL_TIMEx_CommutCallback  stm32f4xx_hal_tim_ex.o
    0x08002d90   0x08002d90   0x00000066   Code   RO         2015    i.HAL_TIM_Base_Init  stm32f4xx_hal_tim.o
    0x08002df6   0x08002df6   0x00000002   PAD
    0x08002df8   0x08002df8   0x0000004c   Code   RO         4252    i.HAL_TIM_Base_MspInit  btim.o
    0x08002e44   0x08002e44   0x000000a8   Code   RO         2020    i.HAL_TIM_Base_Start_IT  stm32f4xx_hal_tim.o
    0x08002eec   0x08002eec   0x00000002   Code   RO         2049    i.HAL_TIM_IC_CaptureCallback  stm32f4xx_hal_tim.o
    0x08002eee   0x08002eee   0x00000196   Code   RO         2063    i.HAL_TIM_IRQHandler  stm32f4xx_hal_tim.o
    0x08003084   0x08003084   0x00000002   Code   RO         2066    i.HAL_TIM_OC_DelayElapsedCallback  stm32f4xx_hal_tim.o
    0x08003086   0x08003086   0x00000002   Code   RO         2093    i.HAL_TIM_PWM_PulseFinishedCallback  stm32f4xx_hal_tim.o
    0x08003088   0x08003088   0x00000034   Code   RO         4253    i.HAL_TIM_PeriodElapsedCallback  btim.o
    0x080030bc   0x080030bc   0x00000002   Code   RO         2106    i.HAL_TIM_TriggerCallback  stm32f4xx_hal_tim.o
    0x080030be   0x080030be   0x00000002   Code   RO         1616    i.HAL_UARTEx_RxEventCallback  stm32f4xx_hal_uart.o
    0x080030c0   0x080030c0   0x00000002   Code   RO         1630    i.HAL_UART_ErrorCallback  stm32f4xx_hal_uart.o
    0x080030c2   0x080030c2   0x00000002   PAD
    0x080030c4   0x080030c4   0x00000250   Code   RO         1633    i.HAL_UART_IRQHandler  stm32f4xx_hal_uart.o
    0x08003314   0x08003314   0x00000072   Code   RO         1634    i.HAL_UART_Init     stm32f4xx_hal_uart.o
    0x08003386   0x08003386   0x00000002   PAD
    0x08003388   0x08003388   0x000000cc   Code   RO          540    i.HAL_UART_MspInit  usart.o
    0x08003454   0x08003454   0x00000042   Code   RO         1639    i.HAL_UART_Receive_IT  stm32f4xx_hal_uart.o
    0x08003496   0x08003496   0x00000002   PAD
    0x08003498   0x08003498   0x0000009c   Code   RO          541    i.HAL_UART_RxCpltCallback  usart.o
    0x08003534   0x08003534   0x00000002   Code   RO         1645    i.HAL_UART_TxCpltCallback  stm32f4xx_hal_uart.o
    0x08003536   0x08003536   0x00000004   Code   RO          310    i.HardFault_Handler  stm32f4xx_it.o
    0x0800353a   0x0800353a   0x00000004   Code   RO          311    i.MemManage_Handler  stm32f4xx_it.o
    0x0800353e   0x0800353e   0x00000002   Code   RO          312    i.NMI_Handler       stm32f4xx_it.o
    0x08003540   0x08003540   0x00000002   Code   RO          313    i.PendSV_Handler    stm32f4xx_it.o
    0x08003542   0x08003542   0x00000002   Code   RO          314    i.SVC_Handler       stm32f4xx_it.o
    0x08003544   0x08003544   0x00000008   Code   RO          315    i.SysTick_Handler   stm32f4xx_it.o
    0x0800354c   0x0800354c   0x00000014   Code   RO          387    i.SystemInit        system_stm32f4xx.o
    0x08003560   0x08003560   0x00000044   Code   RO         4572    i.TIM4_IRQHandler   usmart_port.o
    0x080035a4   0x080035a4   0x00000010   Code   RO         4254    i.TIM6_DAC_IRQHandler  btim.o
    0x080035b4   0x080035b4   0x000000d8   Code   RO         2108    i.TIM_Base_SetConfig  stm32f4xx_hal_tim.o
    0x0800368c   0x0800368c   0x00000014   Code   RO         1647    i.UART_DMAAbortOnError  stm32f4xx_hal_uart.o
    0x080036a0   0x080036a0   0x00000036   Code   RO         1657    i.UART_EndRxTransfer  stm32f4xx_hal_uart.o
    0x080036d6   0x080036d6   0x00000020   Code   RO         1658    i.UART_EndTransmit_IT  stm32f4xx_hal_uart.o
    0x080036f6   0x080036f6   0x000000be   Code   RO         1660    i.UART_Receive_IT   stm32f4xx_hal_uart.o
    0x080037b4   0x080037b4   0x0000022c   Code   RO         1661    i.UART_SetConfig    stm32f4xx_hal_uart.o
    0x080039e0   0x080039e0   0x00000046   Code   RO         1663    i.UART_Start_Receive_IT  stm32f4xx_hal_uart.o
    0x08003a26   0x08003a26   0x00000060   Code   RO         1664    i.UART_Transmit_IT  stm32f4xx_hal_uart.o
    0x08003a86   0x08003a86   0x00000002   PAD
    0x08003a88   0x08003a88   0x00000010   Code   RO          542    i.USART1_IRQHandler  usart.o
    0x08003a98   0x08003a98   0x00000004   Code   RO          316    i.UsageFault_Handler  stm32f4xx_it.o
    0x08003a9c   0x08003a9c   0x00000026   Code   RO         7191    i.__ARM_fpclassifyf  m_wm.l(fpclassifyf.o)
    0x08003ac2   0x08003ac2   0x00000002   PAD
    0x08003ac4   0x08003ac4   0x00000010   Code   RO          821    i.__NVIC_GetPriorityGrouping  stm32f4xx_hal_cortex.o
    0x08003ad4   0x08003ad4   0x00000028   Code   RO          822    i.__NVIC_SetPriority  stm32f4xx_hal_cortex.o
    0x08003afc   0x08003afc   0x000001e8   Code   RO         6996    i.__hardfp_expf     m_wm.l(expf.o)
    0x08003ce4   0x08003ce4   0x00000006   Code   RO         7194    i.__mathlib_flt_infnan  m_wm.l(funder.o)
    0x08003cea   0x08003cea   0x00000002   PAD
    0x08003cec   0x08003cec   0x00000010   Code   RO         7197    i.__mathlib_flt_overflow  m_wm.l(funder.o)
    0x08003cfc   0x08003cfc   0x00000010   Code   RO         7199    i.__mathlib_flt_underflow  m_wm.l(funder.o)
    0x08003d0c   0x08003d0c   0x00000012   Code   RO         6131    i._ai_forward_layer  NetworkRuntime1020_CM4_Keil.lib(layers.o)
    0x08003d1e   0x08003d1e   0x00000002   PAD
    0x08003d20   0x08003d20   0x000000e0   Code   RO         5156    i._ai_platform_get_io_buffers_info  NetworkRuntime1020_CM4_Keil.lib(ai_platform_interface.o)
    0x08003e00   0x08003e00   0x00000020   Code   RO         6035    i._get_lut_size     NetworkRuntime1020_CM4_Keil.lib(ai_datatypes_format.o)
    0x08003e20   0x08003e20   0x0000000e   Code   RO         6918    i._is_digit         c_w.l(__printf_wp.o)
    0x08003e2e   0x08003e2e   0x00000002   PAD
    0x08003e30   0x08003e30   0x0000004c   Code   RO         5157    i._platform_ai_buffer_array_copy  NetworkRuntime1020_CM4_Keil.lib(ai_platform_interface.o)
    0x08003e7c   0x08003e7c   0x00000050   Code   RO         5158    i._platform_get_table_map_from_buffer  NetworkRuntime1020_CM4_Keil.lib(ai_platform_interface.o)
    0x08003ecc   0x08003ecc   0x00000044   Code   RO         5159    i._platform_get_table_map_from_buffer_array  NetworkRuntime1020_CM4_Keil.lib(ai_platform_interface.o)
    0x08003f10   0x08003f10   0x00000014   Code   RO         5160    i._platform_network_buffers_signature_valid  NetworkRuntime1020_CM4_Keil.lib(ai_platform_interface.o)
    0x08003f24   0x08003f24   0x00000210   Code   RO         5161    i._platform_network_io_bind  NetworkRuntime1020_CM4_Keil.lib(ai_platform_interface.o)
    0x08004134   0x08004134   0x0000003e   Code   RO         5162    i._platform_network_state_setup  NetworkRuntime1020_CM4_Keil.lib(ai_platform_interface.o)
    0x08004172   0x08004172   0x00000068   Code   RO         5163    i._platform_network_state_update_input  NetworkRuntime1020_CM4_Keil.lib(ai_platform_interface.o)
    0x080041da   0x080041da   0x0000007c   Code   RO         5164    i._platform_network_state_update_output  NetworkRuntime1020_CM4_Keil.lib(ai_platform_interface.o)
    0x08004256   0x08004256   0x00000004   Code   RO          544    i._sys_exit         usart.o
    0x0800425a   0x0800425a   0x00000028   Code   RO         6040    i.ai_array_get_byte_size  NetworkRuntime1020_CM4_Keil.lib(ai_datatypes_format.o)
    0x08004282   0x08004282   0x0000001e   Code   RO         6041    i.ai_array_get_data_byte_size  NetworkRuntime1020_CM4_Keil.lib(ai_datatypes_format.o)
    0x080042a0   0x080042a0   0x0000012c   Code   RO         6043    i.ai_array_to_buffer_fmt  NetworkRuntime1020_CM4_Keil.lib(ai_datatypes_format.o)
    0x080043cc   0x080043cc   0x000000ac   Code   RO         4709    i.ai_boostrap       app_x-cube-ai.o
    0x08004478   0x08004478   0x00000024   Code   RO         5142    i.ai_buffer_array_item_set_address  NetworkRuntime1020_CM4_Keil.lib(ai_platform.o)
    0x0800449c   0x0800449c   0x00000012   Code   RO         5143    i.ai_buffer_array_sane  NetworkRuntime1020_CM4_Keil.lib(ai_platform.o)
    0x080044ae   0x080044ae   0x00000002   PAD
    0x080044b0   0x080044b0   0x00000068   Code   RO         5145    i.ai_buffer_get_size  NetworkRuntime1020_CM4_Keil.lib(ai_platform.o)
    0x08004518   0x08004518   0x0000002c   Code   RO         6133    i.ai_check_custom_types  NetworkRuntime1020_CM4_Keil.lib(layers.o)
    0x08004544   0x08004544   0x00000010   Code   RO         4710    i.ai_init           app_x-cube-ai.o
    0x08004554   0x08004554   0x00000050   Code   RO         6137    i.ai_layers_forward_all  NetworkRuntime1020_CM4_Keil.lib(layers.o)
    0x080045a4   0x080045a4   0x0000001e   Code   RO         6138    i.ai_layers_init_all  NetworkRuntime1020_CM4_Keil.lib(layers.o)
    0x080045c2   0x080045c2   0x00000036   Code   RO         6139    i.ai_layers_post_init_all  NetworkRuntime1020_CM4_Keil.lib(layers.o)
    0x080045f8   0x080045f8   0x00000004   Code   RO         4711    i.ai_log_err        app_x-cube-ai.o
    0x080045fc   0x080045fc   0x00000184   Code   RO         6123    i.ai_math_elementwise_sum_int8  NetworkRuntime1020_CM4_Keil.lib(ai_math_elementwise_sum_int8.o)
    0x08004780   0x08004780   0x00000024   Code   RO         4824    i.ai_network_create  network.o
    0x080047a4   0x080047a4   0x00000086   Code   RO         4825    i.ai_network_create_and_init  network.o
    0x0800482a   0x0800482a   0x00000002   PAD
    0x0800482c   0x0800482c   0x00000030   Code   RO         5076    i.ai_network_data_params_get  network_data.o
    0x0800485c   0x0800485c   0x0000000e   Code   RO         4828    i.ai_network_get_error  network.o
    0x0800486a   0x0800486a   0x0000003c   Code   RO         4831    i.ai_network_init   network.o
    0x080048a6   0x080048a6   0x00000002   PAD
    0x080048a8   0x080048a8   0x00000020   Code   RO         4832    i.ai_network_inputs_get  network.o
    0x080048c8   0x080048c8   0x00000020   Code   RO         4833    i.ai_network_outputs_get  network.o
    0x080048e8   0x080048e8   0x00000014   Code   RO         4834    i.ai_network_run    network.o
    0x080048fc   0x080048fc   0x000000ae   Code   RO         6689    i.ai_padding_opt_init  NetworkRuntime1020_CM4_Keil.lib(st_padding_opt.o)
    0x080049aa   0x080049aa   0x00000034   Code   RO         6690    i.ai_padding_opt_phase1  NetworkRuntime1020_CM4_Keil.lib(st_padding_opt.o)
    0x080049de   0x080049de   0x00000026   Code   RO         6297    i.ai_padding_opt_phase2  NetworkRuntime1020_CM4_Keil.lib(forward_lite_conv2d_sssa8_ch.o)
    0x08004a04   0x08004a04   0x0000002c   Code   RO         5168    i.ai_platform_bind_network_params  NetworkRuntime1020_CM4_Keil.lib(ai_platform_interface.o)
    0x08004a30   0x08004a30   0x00000014   Code   RO         5169    i.ai_platform_context_acquire  NetworkRuntime1020_CM4_Keil.lib(ai_platform_interface.o)
    0x08004a44   0x08004a44   0x0000002c   Code   RO         5171    i.ai_platform_get_activations_map  NetworkRuntime1020_CM4_Keil.lib(ai_platform_interface.o)
    0x08004a70   0x08004a70   0x00000028   Code   RO         5172    i.ai_platform_get_weights_map  NetworkRuntime1020_CM4_Keil.lib(ai_platform_interface.o)
    0x08004a98   0x08004a98   0x00000042   Code   RO         5173    i.ai_platform_inputs_get  NetworkRuntime1020_CM4_Keil.lib(ai_platform_interface.o)
    0x08004ada   0x08004ada   0x00000002   PAD
    0x08004adc   0x08004adc   0x0000009c   Code   RO         5175    i.ai_platform_network_create  NetworkRuntime1020_CM4_Keil.lib(ai_platform_interface.o)
    0x08004b78   0x08004b78   0x0000001c   Code   RO         5177    i.ai_platform_network_get_error  NetworkRuntime1020_CM4_Keil.lib(ai_platform_interface.o)
    0x08004b94   0x08004b94   0x00000118   Code   RO         5178    i.ai_platform_network_init  NetworkRuntime1020_CM4_Keil.lib(ai_platform_interface.o)
    0x08004cac   0x08004cac   0x00000050   Code   RO         5179    i.ai_platform_network_post_init  NetworkRuntime1020_CM4_Keil.lib(ai_platform_interface.o)
    0x08004cfc   0x08004cfc   0x00000054   Code   RO         5180    i.ai_platform_network_process  NetworkRuntime1020_CM4_Keil.lib(ai_platform_interface.o)
    0x08004d50   0x08004d50   0x0000000c   Code   RO         5181    i.ai_platform_network_set_error  NetworkRuntime1020_CM4_Keil.lib(ai_platform_interface.o)
    0x08004d5c   0x08004d5c   0x00000048   Code   RO         5187    i.ai_platform_outputs_get  NetworkRuntime1020_CM4_Keil.lib(ai_platform_interface.o)
    0x08004da4   0x08004da4   0x00000040   Code   RO         4712    i.ai_run            app_x-cube-ai.o
    0x08004de4   0x08004de4   0x0000001a   Code   RO         5232    i.ai_shape_get_size  NetworkRuntime1020_CM4_Keil.lib(core_convert.o)
    0x08004dfe   0x08004dfe   0x0000001a   Code   RO         5402    i.ai_shape_get_size  NetworkRuntime1020_CM4_Keil.lib(layers_nl_stm32_integer.o)
    0x08004e18   0x08004e18   0x0000001a   Code   RO         5481    i.ai_shape_get_size  NetworkRuntime1020_CM4_Keil.lib(layers_stm32_integer.o)
    0x08004e32   0x08004e32   0x0000002e   Code   RO         5482    i.ai_shape_is_same  NetworkRuntime1020_CM4_Keil.lib(layers_stm32_integer.o)
    0x08004e60   0x08004e60   0x0000001e   Code   RO         5483    i.ai_shape_is_scalar  NetworkRuntime1020_CM4_Keil.lib(layers_stm32_integer.o)
    0x08004e7e   0x08004e7e   0x0000028c   Code   RO         5748    i.ai_sum_buffer_INT8  NetworkRuntime1020_CM4_Keil.lib(ai_math_helpers.o)
    0x0800510a   0x0800510a   0x00000012   Code   RO         5757    i.ai_sum_f32        NetworkRuntime1020_CM4_Keil.lib(ai_math_helpers.o)
    0x0800511c   0x0800511c   0x0000000c   Code   RO         6065    i.ai_version_get    NetworkRuntime1020_CM4_Keil.lib(ai_datatypes_internal.o)
    0x08005128   0x08005128   0x0000004c   Code   RO         6422    i.align_factor_ch   NetworkRuntime1020_CM4_Keil.lib(st_align_factor.o)
    0x08005174   0x08005174   0x00000194   Code   RO         4713    i.box_iou           app_x-cube-ai.o
    0x08005308   0x08005308   0x00000160   Code   RO         6095    i.core_compute_offsets  NetworkRuntime1020_CM4_Keil.lib(core_utils.o)
    0x08005468   0x08005468   0x00000060   Code   RO         6096    i.core_get_broadcasted_shape  NetworkRuntime1020_CM4_Keil.lib(core_utils.o)
    0x080054c8   0x080054c8   0x0000000c   Code   RO         6075    i.core_get_error    NetworkRuntime1020_CM4_Keil.lib(core_common.o)
    0x080054d4   0x080054d4   0x00000004   Code   RO         6076    i.core_init         NetworkRuntime1020_CM4_Keil.lib(core_common.o)
    0x080054d8   0x080054d8   0x0000000c   Code   RO         5272    i.core_nl_get_params  NetworkRuntime1020_CM4_Keil.lib(layers_dw_sssa8_ch.o)
    0x080054e4   0x080054e4   0x0000000c   Code   RO         5464    i.core_nl_get_params  NetworkRuntime1020_CM4_Keil.lib(layers_pw_sssa8_ch.o)
    0x080054f0   0x080054f0   0x00000012   Code   RO         5273    i.core_nl_get_params_ptr  NetworkRuntime1020_CM4_Keil.lib(layers_dw_sssa8_ch.o)
    0x08005502   0x08005502   0x00000012   Code   RO         5465    i.core_nl_get_params_ptr  NetworkRuntime1020_CM4_Keil.lib(layers_pw_sssa8_ch.o)
    0x08005514   0x08005514   0x0000001a   Code   RO         6077    i.core_set_error    NetworkRuntime1020_CM4_Keil.lib(core_common.o)
    0x0800552e   0x0800552e   0x00000002   PAD
    0x08005530   0x08005530   0x00000040   Code   RO         4305    i.dcmi_cr_set       dcmi.o
    0x08005570   0x08005570   0x000000f0   Code   RO         4306    i.dcmi_dma_init     dcmi.o
    0x08005660   0x08005660   0x00000050   Code   RO         4307    i.dcmi_init         dcmi.o
    0x080056b0   0x080056b0   0x0000005c   Code   RO         4308    i.dcmi_set_window   dcmi.o
    0x0800570c   0x0800570c   0x00000034   Code   RO         4310    i.dcmi_stop         dcmi.o
    0x08005740   0x08005740   0x0000000c   Code   RO          424    i.delay_init        delay.o
    0x0800574c   0x0800574c   0x00000012   Code   RO          425    i.delay_ms          delay.o
    0x0800575e   0x0800575e   0x00000002   PAD
    0x08005760   0x08005760   0x00000048   Code   RO          426    i.delay_us          delay.o
    0x080057a8   0x080057a8   0x00000040   Code   RO           13    i.dma_rx_callback   main.o
    0x080057e8   0x080057e8   0x000001b4   Code   RO         4714    i.draw_face_boxes   app_x-cube-ai.o
    0x0800599c   0x0800599c   0x00000498   Code   RO         5316    i.forward_concat    NetworkRuntime1020_CM4_Keil.lib(layers_generic_float.o)
    0x08005e34   0x08005e34   0x00000208   Code   RO         5267    i.forward_conv2d_rgb_sssa8_ch  NetworkRuntime1020_CM4_Keil.lib(layers_conv2d_rgb_sssa8_ch.o)
    0x0800603c   0x0800603c   0x00000234   Code   RO         5275    i.forward_dw_3x3_sssa8_ch  NetworkRuntime1020_CM4_Keil.lib(layers_dw_sssa8_ch.o)
    0x08006270   0x08006270   0x00000364   Code   RO         5485    i.forward_eltwise_integer_INT8  NetworkRuntime1020_CM4_Keil.lib(layers_stm32_integer.o)
    0x080065d4   0x080065d4   0x00000380   Code   RO         6301    i.forward_lite_conv2d_rgb_sssa8_ch  NetworkRuntime1020_CM4_Keil.lib(forward_lite_conv2d_sssa8_ch.o)
    0x08006954   0x08006954   0x000007b2   Code   RO         6270    i.forward_lite_dw_3x3_sssa8_ch  NetworkRuntime1020_CM4_Keil.lib(forward_lite_dw_sssa8_ch.o)
    0x08007106   0x08007106   0x00000002   PAD
    0x08007108   0x08007108   0x0000013c   Code   RO         6323    i.forward_lite_maxpool_is8os8_scaleneg  NetworkRuntime1020_CM4_Keil.lib(forward_lite_maxpool_is8os8.o)
    0x08007244   0x08007244   0x00000140   Code   RO         6251    i.forward_lite_maxpool_is8os8_scalepos  NetworkRuntime1020_CM4_Keil.lib(forward_lite_maxpool_is8os8_scalepos.o)
    0x08007384   0x08007384   0x0000000c   Code   RO         6209    i.forward_lite_node_convert_integer_is8os8  NetworkRuntime1020_CM4_Keil.lib(forward_lite_convert.o)
    0x08007390   0x08007390   0x0000000c   Code   RO         6210    i.forward_lite_node_convert_integer_is8ou8  NetworkRuntime1020_CM4_Keil.lib(forward_lite_convert.o)
    0x0800739c   0x0800739c   0x00000004   Code   RO         6211    i.forward_lite_node_convert_integer_is8ou8_fast  NetworkRuntime1020_CM4_Keil.lib(forward_lite_convert.o)
    0x080073a0   0x080073a0   0x0000000c   Code   RO         6213    i.forward_lite_node_convert_integer_iu8os8  NetworkRuntime1020_CM4_Keil.lib(forward_lite_convert.o)
    0x080073ac   0x080073ac   0x00000004   Code   RO         6214    i.forward_lite_node_convert_integer_iu8os8_fast  NetworkRuntime1020_CM4_Keil.lib(forward_lite_convert.o)
    0x080073b0   0x080073b0   0x0000000c   Code   RO         6215    i.forward_lite_node_convert_integer_iu8ou8  NetworkRuntime1020_CM4_Keil.lib(forward_lite_convert.o)
    0x080073bc   0x080073bc   0x00000048   Code   RO         6782    i.forward_lite_pad_8bit_ch1st_3x3_constant_P0022  NetworkRuntime1020_CM4_Keil.lib(forward_lite_pad_generic.o)
    0x08007404   0x08007404   0x00000118   Code   RO         6783    i.forward_lite_pad_8bit_ch1st_3x3_constant_P1111  NetworkRuntime1020_CM4_Keil.lib(forward_lite_pad_generic.o)
    0x0800751c   0x0800751c   0x000000e8   Code   RO         6784    i.forward_lite_pad_constant  NetworkRuntime1020_CM4_Keil.lib(forward_lite_pad_generic.o)
    0x08007604   0x08007604   0x000000a8   Code   RO         6785    i.forward_lite_pad_edge  NetworkRuntime1020_CM4_Keil.lib(forward_lite_pad_generic.o)
    0x080076ac   0x080076ac   0x000000ea   Code   RO         6786    i.forward_lite_pad_reflect  NetworkRuntime1020_CM4_Keil.lib(forward_lite_pad_generic.o)
    0x08007796   0x08007796   0x0000024a   Code   RO         6289    i.forward_lite_pw_sssa8_ch  NetworkRuntime1020_CM4_Keil.lib(forward_lite_pw_sssa8_ch.o)
    0x080079e0   0x080079e0   0x000000aa   Code   RO         5435    i.forward_mp_integer_INT8  NetworkRuntime1020_CM4_Keil.lib(layers_pool_stm32_integer.o)
    0x08007a8a   0x08007a8a   0x00000062   Code   RO         5404    i.forward_nl_integer  NetworkRuntime1020_CM4_Keil.lib(layers_nl_stm32_integer.o)
    0x08007aec   0x08007aec   0x00000022   Code   RO         5326    i.forward_pad       NetworkRuntime1020_CM4_Keil.lib(layers_generic_float.o)
    0x08007b0e   0x08007b0e   0x000000ae   Code   RO         6159    i.forward_pad_8bit_ch1st_3x3_constant  NetworkRuntime1020_CM4_Keil.lib(layers_pad_generic.o)
    0x08007bbc   0x08007bbc   0x000000b4   Code   RO         6160    i.forward_pad_constant  NetworkRuntime1020_CM4_Keil.lib(layers_pad_generic.o)
    0x08007c70   0x08007c70   0x00000098   Code   RO         6161    i.forward_pad_edge  NetworkRuntime1020_CM4_Keil.lib(layers_pad_generic.o)
    0x08007d08   0x08007d08   0x000000ca   Code   RO         6162    i.forward_pad_reflect  NetworkRuntime1020_CM4_Keil.lib(layers_pad_generic.o)
    0x08007dd2   0x08007dd2   0x0000022a   Code   RO         5466    i.forward_pw_sssa8_ch  NetworkRuntime1020_CM4_Keil.lib(layers_pw_sssa8_ch.o)
    0x08007ffc   0x08007ffc   0x0000001c   Code   RO          546    i.fputc             usart.o
    0x08008018   0x08008018   0x0000000c   Code   RO         4715    i.get_detected_face_count  app_x-cube-ai.o
    0x08008024   0x08008024   0x00000028   Code   RO         6066    i.get_tensor_byte_size  NetworkRuntime1020_CM4_Keil.lib(ai_datatypes_internal.o)
    0x0800804c   0x0800804c   0x00000002   Code   RO           14    i.jpeg_data_process  main.o
    0x0800804e   0x0800804e   0x00000002   PAD
    0x08008050   0x08008050   0x000000fc   Code   RO         4023    i.key_init          key.o
    0x0800814c   0x0800814c   0x000000c4   Code   RO         4024    i.key_scan          key.o
    0x08008210   0x08008210   0x00000034   Code   RO         3763    i.lcd_clear         lcd.o
    0x08008244   0x08008244   0x0000016c   Code   RO         3765    i.lcd_display_dir   lcd.o
    0x080083b0   0x080083b0   0x000000ac   Code   RO         3770    i.lcd_draw_line     lcd.o
    0x0800845c   0x0800845c   0x00000020   Code   RO         3771    i.lcd_draw_point    lcd.o
    0x0800847c   0x0800847c   0x0000004a   Code   RO         3772    i.lcd_draw_rectangle  lcd.o
    0x080084c6   0x080084c6   0x0000022c   Code   RO         3773    i.lcd_ex_ili9341_reginit  lcd.o
    0x080086f2   0x080086f2   0x00000340   Code   RO         3774    i.lcd_ex_ili9806_reginit  lcd.o
    0x08008a32   0x08008a32   0x00000ef2   Code   RO         3775    i.lcd_ex_nt35310_reginit  lcd.o
    0x08009924   0x08009924   0x00000f6e   Code   RO         3776    i.lcd_ex_nt35510_reginit  lcd.o
    0x0800a892   0x0800a892   0x0000016e   Code   RO         3777    i.lcd_ex_ssd1963_reginit  lcd.o
    0x0800aa00   0x0800aa00   0x000001a8   Code   RO         3778    i.lcd_ex_st7789_reginit  lcd.o
    0x0800aba8   0x0800aba8   0x000001c6   Code   RO         3779    i.lcd_ex_st7796_reginit  lcd.o
    0x0800ad6e   0x0800ad6e   0x00000002   PAD
    0x0800ad70   0x0800ad70   0x00000528   Code   RO         3782    i.lcd_init          lcd.o
    0x0800b298   0x0800b298   0x0000000c   Code   RO         3783    i.lcd_opt_delay     lcd.o
    0x0800b2a4   0x0800b2a4   0x00000018   Code   RO         3785    i.lcd_rd_data       lcd.o
    0x0800b2bc   0x0800b2bc   0x0000023c   Code   RO         3787    i.lcd_scan_dir      lcd.o
    0x0800b4f8   0x0800b4f8   0x00000120   Code   RO         3788    i.lcd_set_cursor    lcd.o
    0x0800b618   0x0800b618   0x00000170   Code   RO         3789    i.lcd_set_window    lcd.o
    0x0800b788   0x0800b788   0x00000140   Code   RO         3790    i.lcd_show_char     lcd.o
    0x0800b8c8   0x0800b8c8   0x0000006a   Code   RO         3792    i.lcd_show_string   lcd.o
    0x0800b932   0x0800b932   0x00000002   PAD
    0x0800b934   0x0800b934   0x00000060   Code   RO         3794    i.lcd_ssd_backlight_set  lcd.o
    0x0800b994   0x0800b994   0x00000018   Code   RO         3795    i.lcd_wr_data       lcd.o
    0x0800b9ac   0x0800b9ac   0x00000018   Code   RO         3796    i.lcd_wr_regno      lcd.o
    0x0800b9c4   0x0800b9c4   0x00000014   Code   RO         3797    i.lcd_write_ram_prepare  lcd.o
    0x0800b9d8   0x0800b9d8   0x00000014   Code   RO         3798    i.lcd_write_reg     lcd.o
    0x0800b9ec   0x0800b9ec   0x00000098   Code   RO         3738    i.led_init          led.o
    0x0800ba84   0x0800ba84   0x0000005c   Code   RO         6600    i.lite_convert_is8os8  NetworkRuntime1020_CM4_Keil.lib(lite_convert_kernel.o)
    0x0800bae0   0x0800bae0   0x0000004e   Code   RO         6601    i.lite_convert_is8ou8  NetworkRuntime1020_CM4_Keil.lib(lite_convert_kernel.o)
    0x0800bb2e   0x0800bb2e   0x00000002   PAD
    0x0800bb30   0x0800bb30   0x0000004a   Code   RO         6602    i.lite_convert_is8ou8_fast  NetworkRuntime1020_CM4_Keil.lib(lite_convert_kernel.o)
    0x0800bb7a   0x0800bb7a   0x00000002   PAD
    0x0800bb7c   0x0800bb7c   0x00000064   Code   RO         6605    i.lite_convert_iu8os8  NetworkRuntime1020_CM4_Keil.lib(lite_convert_kernel.o)
    0x0800bbe0   0x0800bbe0   0x00000052   Code   RO         6606    i.lite_convert_iu8os8_fast  NetworkRuntime1020_CM4_Keil.lib(lite_convert_kernel.o)
    0x0800bc32   0x0800bc32   0x0000004a   Code   RO         6607    i.lite_convert_iu8ou8  NetworkRuntime1020_CM4_Keil.lib(lite_convert_kernel.o)
    0x0800bc7c   0x0800bc7c   0x0000035c   Code   RO           15    i.main              main.o
    0x0800bfd8   0x0800bfd8   0x00000854   Code   RO         4835    i.network_configure_activations  network.o
    0x0800c82c   0x0800c82c   0x00000780   Code   RO         4836    i.network_configure_weights  network.o
    0x0800cfac   0x0800cfac   0x0000003c   Code   RO         5408    i.nl_func_array_integer  NetworkRuntime1020_CM4_Keil.lib(layers_nl_stm32_integer.o)
    0x0800cfe8   0x0800cfe8   0x00000150   Code   RO         4716    i.nms               app_x-cube-ai.o
    0x0800d138   0x0800d138   0x000001a2   Code   RO         5239    i.node_convert_integer  NetworkRuntime1020_CM4_Keil.lib(core_convert.o)
    0x0800d2da   0x0800d2da   0x00000002   PAD
    0x0800d2dc   0x0800d2dc   0x0000002c   Code   RO         4116    i.ov2640_auto_exposure  ov2640.o
    0x0800d308   0x0800d308   0x00000038   Code   RO         4117    i.ov2640_brightness  ov2640.o
    0x0800d340   0x0800d340   0x00000040   Code   RO         4119    i.ov2640_color_saturation  ov2640.o
    0x0800d380   0x0800d380   0x00000076   Code   RO         4120    i.ov2640_contrast   ov2640.o
    0x0800d3f6   0x0800d3f6   0x0000001c   Code   RO         4122    i.ov2640_flash_intctrl  ov2640.o
    0x0800d412   0x0800d412   0x000000bc   Code   RO         4123    i.ov2640_image_win_set  ov2640.o
    0x0800d4ce   0x0800d4ce   0x00000050   Code   RO         4124    i.ov2640_imagesize_set  ov2640.o
    0x0800d51e   0x0800d51e   0x00000002   PAD
    0x0800d520   0x0800d520   0x00000170   Code   RO         4125    i.ov2640_init       ov2640.o
    0x0800d690   0x0800d690   0x00000078   Code   RO         4127    i.ov2640_light_mode  ov2640.o
    0x0800d708   0x0800d708   0x00000088   Code   RO         4128    i.ov2640_outsize_set  ov2640.o
    0x0800d790   0x0800d790   0x0000004e   Code   RO         4129    i.ov2640_read_reg   ov2640.o
    0x0800d7de   0x0800d7de   0x00000002   PAD
    0x0800d7e0   0x0800d7e0   0x00000028   Code   RO         4130    i.ov2640_rgb565_mode  ov2640.o
    0x0800d808   0x0800d808   0x0000007a   Code   RO         4131    i.ov2640_special_effects  ov2640.o
    0x0800d882   0x0800d882   0x0000009c   Code   RO         4132    i.ov2640_window_set  ov2640.o
    0x0800d91e   0x0800d91e   0x0000004a   Code   RO         4133    i.ov2640_write_reg  ov2640.o
    0x0800d968   0x0800d968   0x000000d0   Code   RO         5441    i.pool_func_mp_array_integer_INT8  NetworkRuntime1020_CM4_Keil.lib(layers_pool_stm32_integer.o)
    0x0800da38   0x0800da38   0x00000214   Code   RO         4717    i.post_process      app_x-cube-ai.o
    0x0800dc4c   0x0800dc4c   0x000000bc   Code   RO         4718    i.prepare_frame     app_x-cube-ai.o
    0x0800dd08   0x0800dd08   0x00000006   Code   RO         4473    i.read_addr         usmart.o
    0x0800dd0e   0x0800dd0e   0x0000000a   Code   RO         4054    i.sccb_delay        sccb.o
    0x0800dd18   0x0800dd18   0x00000080   Code   RO         4055    i.sccb_init         sccb.o
    0x0800dd98   0x0800dd98   0x00000050   Code   RO         4056    i.sccb_nack         sccb.o
    0x0800dde8   0x0800dde8   0x00000050   Code   RO         4057    i.sccb_read_byte    sccb.o
    0x0800de38   0x0800de38   0x000000a0   Code   RO         4058    i.sccb_send_byte    sccb.o
    0x0800ded8   0x0800ded8   0x00000048   Code   RO         4059    i.sccb_start        sccb.o
    0x0800df20   0x0800df20   0x00000040   Code   RO         4060    i.sccb_stop         sccb.o
    0x0800df60   0x0800df60   0x00000028   Code   RO         4719    i.sigmoid           app_x-cube-ai.o
    0x0800df88   0x0800df88   0x000001f0   Code   RO         4419    i.sram_init         sram.o
    0x0800e178   0x0800e178   0x000000fe   Code   RO         6273    i.st_dw_sssa8_ch_Wadapt  NetworkRuntime1020_CM4_Keil.lib(forward_lite_dw_sssa8_ch.o)
    0x0800e276   0x0800e276   0x00000002   PAD
    0x0800e278   0x0800e278   0x00000090   Code   RO         6477    i.st_int8_copy      NetworkRuntime1020_CM4_Keil.lib(st_int8_fill.o)
    0x0800e308   0x0800e308   0x00000064   Code   RO         6478    i.st_int8_fill      NetworkRuntime1020_CM4_Keil.lib(st_int8_fill.o)
    0x0800e36c   0x0800e36c   0x0000025e   Code   RO         6673    i.st_int8_to16_dual  NetworkRuntime1020_CM4_Keil.lib(st_int8_to16_no_shift.o)
    0x0800e5ca   0x0800e5ca   0x00000002   PAD
    0x0800e5cc   0x0800e5cc   0x000000a4   Code   RO         6721    i.st_sssa8_ch_convolve_rank1upd  NetworkRuntime1020_CM4_Keil.lib(st_sssa8_ch_convolve.o)
    0x0800e670   0x0800e670   0x00000056   Code   RO         6749    i.st_sssa8_ch_fullW_prefetch  NetworkRuntime1020_CM4_Keil.lib(st_sssa8_ch_nn_mat_mult_nt_t.o)
    0x0800e6c6   0x0800e6c6   0x00000002   PAD
    0x0800e6c8   0x0800e6c8   0x00000270   Code   RO         6739    i.st_sssa8_ch_nn_mat_mult_kernel_single_opt  NetworkRuntime1020_CM4_Keil.lib(st_sssa8_ch_nn_mat_mult_kernel_single_opt.o)
    0x0800e938   0x0800e938   0x000000dc   Code   RO          473    i.sys_stm32_clock_init  sys.o
    0x0800ea14   0x0800ea14   0x00000038   Code   RO          547    i.usart_init        usart.o
    0x0800ea4c   0x0800ea4c   0x000000b0   Code   RO         4474    i.usmart_cmd_rec    usmart.o
    0x0800eafc   0x0800eafc   0x000002d4   Code   RO         4475    i.usmart_exe        usmart.o
    0x0800edd0   0x0800edd0   0x000000d4   Code   RO         4623    i.usmart_get_aparm  usmart_str.o
    0x0800eea4   0x0800eea4   0x00000036   Code   RO         4624    i.usmart_get_cmdname  usmart_str.o
    0x0800eeda   0x0800eeda   0x00000002   PAD
    0x0800eedc   0x0800eedc   0x000001c0   Code   RO         4625    i.usmart_get_fname  usmart_str.o
    0x0800f09c   0x0800f09c   0x0000010c   Code   RO         4626    i.usmart_get_fparam  usmart_str.o
    0x0800f1a8   0x0800f1a8   0x00000028   Code   RO         4573    i.usmart_get_input_string  usmart_port.o
    0x0800f1d0   0x0800f1d0   0x00000020   Code   RO         4627    i.usmart_get_parmpos  usmart_str.o
    0x0800f1f0   0x0800f1f0   0x00000028   Code   RO         4476    i.usmart_init       usmart.o
    0x0800f218   0x0800f218   0x00000016   Code   RO         4628    i.usmart_pow        usmart_str.o
    0x0800f22e   0x0800f22e   0x00000002   PAD
    0x0800f230   0x0800f230   0x000000a8   Code   RO         4477    i.usmart_scan       usmart.o
    0x0800f2d8   0x0800f2d8   0x00000016   Code   RO         4629    i.usmart_search_nextc  usmart_str.o
    0x0800f2ee   0x0800f2ee   0x00000106   Code   RO         4630    i.usmart_str2num    usmart_str.o
    0x0800f3f4   0x0800f3f4   0x00000022   Code   RO         4631    i.usmart_strcmp     usmart_str.o
    0x0800f416   0x0800f416   0x00000016   Code   RO         4632    i.usmart_strcopy    usmart_str.o
    0x0800f42c   0x0800f42c   0x00000018   Code   RO         4633    i.usmart_strlen     usmart_str.o
    0x0800f444   0x0800f444   0x000006f4   Code   RO         4478    i.usmart_sys_cmd_exe  usmart.o
    0x0800fb38   0x0800fb38   0x00000044   Code   RO         4574    i.usmart_timx_get_time  usmart_port.o
    0x0800fb7c   0x0800fb7c   0x00000064   Code   RO         4575    i.usmart_timx_init  usmart_port.o
    0x0800fbe0   0x0800fbe0   0x00000034   Code   RO         4576    i.usmart_timx_reset_time  usmart_port.o
    0x0800fc14   0x0800fc14   0x00000190   Code   RO         6750    i.weights_2channels_prefetch  NetworkRuntime1020_CM4_Keil.lib(st_sssa8_ch_nn_mat_mult_nt_t.o)
    0x0800fda4   0x0800fda4   0x00000004   Code   RO         4479    i.write_addr        usmart.o
    0x0800fda8   0x0800fda8   0x0000005a   Code   RO         6944    x$fpl$dfixu         fz_wm.l(dfixu.o)
    0x0800fe02   0x0800fe02   0x00000026   Code   RO         6948    x$fpl$dfltu         fz_wm.l(dflt_clz.o)
    0x0800fe28   0x0800fe28   0x00000154   Code   RO         6954    x$fpl$dmul          fz_wm.l(dmul.o)
    0x0800ff7c   0x0800ff7c   0x0000009c   Code   RO         7178    x$fpl$dnaninf       fz_wm.l(dnaninf.o)
    0x08010018   0x08010018   0x0000000c   Code   RO         7180    x$fpl$dretinf       fz_wm.l(dretinf.o)
    0x08010024   0x08010024   0x0000000a   Code   RO         7255    x$fpl$fpinit        fz_wm.l(fpinit.o)
    0x0801002e   0x0801002e   0x00000000   Code   RO         7190    x$fpl$usenofp       fz_wm.l(usenofp.o)
    0x0801002e   0x0801002e   0x00000018   Data   RO          388    .constdata          system_stm32f4xx.o
    0x08010046   0x08010046   0x00000008   Data   RO         3258    .constdata          stm32f4xx_hal_dma.o
    0x0801004e   0x0801004e   0x00002f80   Data   RO         3800    .constdata          lcd.o
    0x08012fce   0x08012fce   0x00000328   Data   RO         4134    .constdata          ov2640.o
    0x080132f6   0x080132f6   0x00000002   PAD
    0x080132f8   0x080132f8   0x00000006   Data   RO         4721    .constdata          app_x-cube-ai.o
    0x080132fe   0x080132fe   0x00000002   PAD
    0x08013300   0x08013300   0x00002710   Data   RO         4838    .constdata          network.o
    0x08015a10   0x08015a10   0x00000068   Data   RO         5079    .constdata          network_data.o
    0x08015a78   0x08015a78   0x00000008   PAD
    0x08015a80   0x08015a80   0x00002c28   Data   RO         5126    .constdata          network_data_params.o
    0x080186a8   0x080186a8   0x00000068   Data   RO         5190    .constdata          NetworkRuntime1020_CM4_Keil.lib(ai_platform_interface.o)
    0x08018710   0x08018710   0x000000a8   Data   RO         5487    .constdata          NetworkRuntime1020_CM4_Keil.lib(layers_stm32_integer.o)
    0x080187b8   0x080187b8   0x0000001c   Data   RO         6101    .constdata          NetworkRuntime1020_CM4_Keil.lib(core_utils.o)
    0x080187d4   0x080187d4   0x00000028   Data   RO         6891    .constdata          c_w.l(_printf_hex_int.o)
    0x080187fc   0x080187fc   0x00000011   Data   RO         6926    .constdata          c_w.l(__printf_flags_ss_wp.o)
    0x0801880d   0x0801880d   0x00000003   PAD
    0x08018810   0x08018810   0x00000030   Data   RO         6999    .constdata          m_wm.l(expf.o)
    0x08018840   0x08018840   0x00000028   Data   RO         4480    .conststring        usmart.o
    0x08018868   0x08018868   0x000003e7   Data   RO         4547    .conststring        usmart_config.o
    0x08018c4f   0x08018c4f   0x00000001   PAD
    0x08018c50   0x08018c50   0x00000061   Data   RO         4839    .conststring        network.o
    0x08018cb1   0x08018cb1   0x00000003   PAD
    0x08018cb4   0x08018cb4   0x00000020   Data   RO         7337    Region$$Table       anon$$obj.o


    Execution Region RW_IRAM2 (Exec base: 0x10000000, Load base: 0x0801a408, Size: 0x00000000, Max: 0x00010000, ABSOLUTE)

    **** No section assigned to this execution region ****


    Execution Region RW_IRAM1 (Exec base: 0x20000000, Load base: 0x08018cd4, Size: 0x0000f760, Max: 0x00020000, ABSOLUTE, COMPRESSED[0x00001734])

    Exec Addr    Load Addr    Size         Type   Attr      Idx    E Section Name        Object

    0x20000000   COMPRESSED   0x00000014   Data   RW           17    .data               main.o
    0x20000014   COMPRESSED   0x00000004   Data   RW          389    .data               system_stm32f4xx.o
    0x20000018   COMPRESSED   0x00000004   Data   RW          427    .data               delay.o
    0x2000001c   COMPRESSED   0x00000007   Data   RW          549    .data               usart.o
    0x20000023   COMPRESSED   0x00000001   PAD
    0x20000024   COMPRESSED   0x00000009   Data   RW          644    .data               stm32f4xx_hal.o
    0x2000002d   COMPRESSED   0x00000003   PAD
    0x20000030   COMPRESSED   0x00000008   Data   RW         3801    .data               lcd.o
    0x20000038   COMPRESSED   0x00000001   Data   RW         4025    .data               key.o
    0x20000039   COMPRESSED   0x00000003   PAD
    0x2000003c   COMPRESSED   0x00000008   Data   RW         4312    .data               dcmi.o
    0x20000044   COMPRESSED   0x0000001c   Data   RW         4481    .data               usmart.o
    0x20000060   COMPRESSED   0x00000194   Data   RW         4548    .data               usmart_config.o
    0x200001f4   COMPRESSED   0x0000001c   Data   RW         4722    .data               app_x-cube-ai.o
    0x20000210   COMPRESSED   0x00004250   Data   RW         4840    .data               network.o
    0x20004460   COMPRESSED   0x00000058   Data   RW         5080    .data               network_data.o
    0x200044b8        -       0x00002832   Zero   RW           16    .bss                main.o
    0x20006cea   COMPRESSED   0x00000002   PAD
    0x20006cec        -       0x0000010c   Zero   RW          548    .bss                usart.o
    0x20006df8        -       0x0000005e   Zero   RW         3799    .bss                lcd.o
    0x20006e56   COMPRESSED   0x00000002   PAD
    0x20006e58        -       0x00000048   Zero   RW         4256    .bss                btim.o
    0x20006ea0        -       0x000000a0   Zero   RW         4311    .bss                dcmi.o
    0x20006f40        -       0x00000050   Zero   RW         4424    .bss                sram.o
    0x20006f90        -       0x00000048   Zero   RW         4577    .bss                usmart_port.o
    0x20006fd8   COMPRESSED   0x00000008   PAD
    0x20006fe0        -       0x00008158   Zero   RW         4720    .bss                app_x-cube-ai.o
    0x2000f138        -       0x000001c8   Zero   RW         4837    .bss                network.o
    0x2000f300        -       0x00000060   Zero   RW         7208    .bss                c_w.l(libspace.o)
    0x2000f360        -       0x00000000   Zero   RW            2    HEAP                startup_stm32f407xx.o
    0x2000f360        -       0x00000400   Zero   RW            1    STACK               startup_stm32f407xx.o


==============================================================================

Image component sizes


      Code (inc. data)   RO Data    RW Data    ZI Data      Debug   Object Name

      2204        120          6         28      33112      10661   app_x-cube-ai.o
       144         40          0          0         72       2303   btim.o
      1064        108          0          8        160       6395   dcmi.o
       102         10          0          4          0       1899   delay.o
       448         24          0          1          0       1770   key.o
     14460        188      12160          8         94      27233   lcd.o
       152         10          0          0          0        919   led.o
       926        208          0         20      10290     725924   main.o
      4380        562      10097      16976        456      78268   network.o
        48          6        104         88          0      15865   network_data.o
         0          0      11304          0          0        794   network_data_params.o
      1672         52        808          0          0      11790   ov2640.o
       594         32          0          0          0       4239   sccb.o
       496         28          0          0         80       1569   sram.o
        76         28        392          0       1024        976   startup_stm32f407xx.o
       174         34          0          9          0       9766   stm32f4xx_hal.o
       304         22          0          0          0      34447   stm32f4xx_hal_cortex.o
       210          6          0          0          0       3514   stm32f4xx_hal_dcmi.o
       146          0          0          0          0       1100   stm32f4xx_hal_dcmi_ex.o
       926         10          8          0          0       6571   stm32f4xx_hal_dma.o
       156          0          0          0          0       2057   stm32f4xx_hal_dma_ex.o
       564         46          0          0          0       3420   stm32f4xx_hal_gpio.o
      1820         84          0          0          0       5600   stm32f4xx_hal_rcc.o
        88          0          0          0          0       1204   stm32f4xx_hal_sram.o
       900         76          0          0          0       5879   stm32f4xx_hal_tim.o
         4          0          0          0          0       1561   stm32f4xx_hal_tim_ex.o
      1796         16          0          0          0       9752   stm32f4xx_hal_uart.o
        32          0          0          0          0       4122   stm32f4xx_it.o
       232         10          0          0          0       2711   stm32f4xx_ll_fsmc.o
       220         12          0          0          0       1331   sys.o
        20          6         24          4          0       1327   system_stm32f4xx.o
       464         60          0          7        268       5545   usart.o
      2898       1308         40         28          0       5906   usmart.o
         0          0        999        404          0       1584   usmart_config.o
       328         50          0          0         72       3422   usmart_port.o
      1400         20          0          0          0       9301   usmart_str.o

    ----------------------------------------------------------------------
     39484       3176      35990      17592      45640    1010725   Object Totals
         0          0         32          0          0          0   (incl. Generated)
        36          0         16          7         12          0   (incl. Padding)

    ----------------------------------------------------------------------

      Code (inc. data)   RO Data    RW Data    ZI Data      Debug   Library Member Name

       402         52          0          0          0        488   ai_datatypes_format.o
        52          6          0          0          0        232   ai_datatypes_internal.o
       388          0          0          0          0        144   ai_math_elementwise_sum_int8.o
       670          0          0          0          0        256   ai_math_helpers.o
       158          8          0          0          0        368   ai_platform.o
      2212         76        104          0          0       2764   ai_platform_interface.o
        42          0          0          0          0        348   core_common.o
       444          0          0          0          0        248   core_convert.o
       448          4         28          0          0        276   core_utils.o
       934          0          0          0          0        268   forward_lite_conv2d_sssa8_ch.o
        56          0          0          0          0        744   forward_lite_convert.o
      2224          0          0          0          0        288   forward_lite_dw_sssa8_ch.o
       316          4          0          0          0        148   forward_lite_maxpool_is8os8.o
       320          4          0          0          0        148   forward_lite_maxpool_is8os8_scalepos.o
       986          0          0          0          0        724   forward_lite_pad_generic.o
       586          0          0          0          0        160   forward_lite_pw_sssa8_ch.o
       226          6          0          0          0        628   layers.o
       520          0          0          0          0        160   layers_conv2d_rgb_sssa8_ch.o
       594          0          0          0          0        392   layers_dw_sssa8_ch.o
      1210          6          0          0          0        292   layers_generic_float.o
       184          0          0          0          0        380   layers_nl_stm32_integer.o
       708          0          0          0          0        568   layers_pad_generic.o
       378          0          0          0          0        292   layers_pool_stm32_integer.o
       584          0          0          0          0        392   layers_pw_sssa8_ch.o
       970         10        168          0          0        504   layers_stm32_integer.o
       500         12          0          0          0        740   lite_convert_kernel.o
        76          0          0          0          0        132   st_align_factor.o
       244          0          0          0          0        256   st_int8_fill.o
       606          0          0          0          0        140   st_int8_to16_no_shift.o
       226          0          0          0          0        248   st_padding_opt.o
       164          0          0          0          0        140   st_sssa8_ch_convolve.o
       828          0          0          0          0          0   st_sssa8_ch_nn_mat_mult_kernel_opt.o
       624          0          0          0          0        148   st_sssa8_ch_nn_mat_mult_kernel_single_opt.o
       486          0          0          0          0        280   st_sssa8_ch_nn_mat_mult_nt_t.o
      3024          0          0          0          0          0   st_sssa8_ch_nn_mat_mult_pw_nt_t.o
        90          0          0          0          0          0   __dczerorl2.o
         8          0          0          0          0         68   __main.o
       392          4         17          0          0         92   __printf_flags_ss_wp.o
        14          0          0          0          0         68   __printf_wp.o
         0          0          0          0          0          0   __rtentry.o
        12          0          0          0          0          0   __rtentry2.o
         6          0          0          0          0          0   __rtentry4.o
        52          8          0          0          0          0   __scatter.o
        28          0          0          0          0          0   __scatter_zi.o
         6          0          0          0          0          0   _printf_c.o
        44          0          0          0          0        108   _printf_char.o
        48          6          0          0          0         96   _printf_char_common.o
        36          4          0          0          0         80   _printf_char_file.o
         6          0          0          0          0          0   _printf_d.o
       120         16          0          0          0         92   _printf_dec.o
        88          4         40          0          0         88   _printf_hex_int.o
       178          0          0          0          0         88   _printf_intcommon.o
        78          0          0          0          0        108   _printf_pad.o
         0          0          0          0          0          0   _printf_percent.o
         4          0          0          0          0          0   _printf_percent_end.o
         6          0          0          0          0          0   _printf_s.o
        82          0          0          0          0         80   _printf_str.o
         6          0          0          0          0          0   _printf_u.o
         6          0          0          0          0          0   _printf_x.o
        22          0          0          0          0        100   _rserrno.o
        10          0          0          0          0         68   _sputc.o
        18          0          0          0          0         80   exit.o
         8          0          0          0          0         68   ferror.o
         6          0          0          0          0        152   heapauxi.o
         2          0          0          0          0          0   libinit.o
         6          0          0          0          0          0   libinit2.o
         2          0          0          0          0          0   libshutdown.o
         2          0          0          0          0          0   libshutdown2.o
         8          4          0          0         96         68   libspace.o
       238          0          0          0          0        100   lludivv7m.o
        88          0          0          0          0         76   memcmp.o
        24          4          0          0          0         84   noretval__2printf.o
        40          6          0          0          0         84   noretval__2sprintf.o
         8          4          0          0          0         68   rt_errno_addr_intlibspace.o
        78          0          0          0          0         80   rt_memclr_w.o
       100          0          0          0          0         80   rt_memcpy_w.o
         2          0          0          0          0          0   rtexit.o
        10          0          0          0          0          0   rtexit2.o
        74          0          0          0          0         80   sys_stackheap_outer.o
         2          0          0          0          0         68   use_no_semi.o
         2          0          0          0          0         68   use_no_semi_2.o
        90          4          0          0          0        140   dfixu.o
        38          0          0          0          0        116   dflt_clz.o
       340         12          0          0          0        152   dmul.o
       156          4          0          0          0        140   dnaninf.o
        12          0          0          0          0        116   dretinf.o
        10          0          0          0          0        116   fpinit.o
         0          0          0          0          0          0   usenofp.o
       488         62         48          0          0        236   expf.o
        38          0          0          0          0        116   fpclassifyf.o
        38         12          0          0          0        348   funder.o

    ----------------------------------------------------------------------
     25706        342        408          0         96      17068   Library Totals
        46          0          3          0          0          0   (incl. Padding)

    ----------------------------------------------------------------------

      Code (inc. data)   RO Data    RW Data    ZI Data      Debug   Library Name

     22390        188        300          0          0      13296   NetworkRuntime1020_CM4_Keil.lib
      2060         60         57          0         96       2292   c_w.l
       646         20          0          0          0        780   fz_wm.l
       564         74         48          0          0        700   m_wm.l

    ----------------------------------------------------------------------
     25706        342        408          0         96      17068   Library Totals

    ----------------------------------------------------------------------

==============================================================================


      Code (inc. data)   RO Data    RW Data    ZI Data      Debug   

     65190       3518      36398      17592      45736     997297   Grand Totals
     65190       3518      36398       5940      45736     997297   ELF Image Totals (compressed)
     65190       3518      36398       5940          0          0   ROM Totals

==============================================================================

    Total RO  Size (Code + RO Data)               101588 (  99.21kB)
    Total RW  Size (RW Data + ZI Data)             63328 (  61.84kB)
    Total ROM Size (Code + RO Data + RW Data)     107528 ( 105.01kB)

==============================================================================

